Information: Updating design information... (UID-85)
 
****************************************
Report : qor
Design : vbw_cla_nci
Version: K-2015.06-SP4
Date   : Mon Apr 24 11:33:35 2017
****************************************


  Timing Path Group (none)
  -----------------------------------
  Levels of Logic:              26.00
  Critical Path Length:          1.27
  Critical Path Slack:         uninit
  Critical Path Clk Period:       n/a
  Total Negative Slack:          0.00
  No. of Violating Paths:        0.00
  Worst Hold Violation:          0.00
  Total Hold Violation:          0.00
  No. of Hold Violations:        0.00
  -----------------------------------


  Cell Count
  -----------------------------------
  Hierarchical Cell Count:        127
  Hierarchical Port Count:        951
  Leaf Cell Count:                527
  Buf/Inv Cell Count:               2
  Buf Cell Count:                   0
  Inv Cell Count:                   2
  CT Buf/Inv Cell Count:            0
  Combinational Cell Count:       527
  Sequential Cell Count:            0
  Macro Count:                      0
  -----------------------------------


  Area
  -----------------------------------
  Combinational Area:         1233.11
  Noncombinational Area:         0.00
  Buf/Inv Area:                  2.54
  Total Buffer Area:             0.00
  Total Inverter Area:           2.54
  Macro/Black Box Area:          0.00
  Net Area:                    169.76
  -----------------------------------
  Cell Area:                  1233.11
  Design Area:                1402.87


  Design Rules
  -----------------------------------
  Total Number of Nets:           658
  Nets With Violations:             0
  Max Trans Violations:             0
  Max Cap Violations:               0
  -----------------------------------


  Hostname: wario

  Compile CPU Statistics
  -----------------------------------------
  Resource Sharing:                    0.02
  Logic Optimization:                  0.09
  Mapping Optimization:                0.61
  -----------------------------------------
  Overall Compile Time:                4.68
  Overall Compile Wall Clock Time:     6.47

  --------------------------------------------------------------------

  Design  WNS: 0.00  TNS: 0.00  Number of Violating Paths: 0


  Design (Hold)  WNS: 0.00  TNS: 0.00  Number of Violating Paths: 0

  --------------------------------------------------------------------


1
