 
****************************************
Report : area
Design : vbw_cla_nci
Version: K-2015.06-SP4
Date   : Sun Apr 23 19:57:45 2017
****************************************

Library(s) Used:

    No libraries used.

Number of ports:                          196
Number of nets:                             1
Number of cells:                            1
Number of combinational cells:              0
Number of sequential cells:                 1
Number of macros/black boxes:               0
Number of buf/inv:                          0
Number of references:                       0

Combinational area:                  0.000000
Buf/Inv area:                        0.000000
Noncombinational area:               0.000000
Macro/Black Box area:                0.000000
Net Interconnect area:      undefined  (Wire load has zero net area)

Total cell area:                     0.000000
Total area:                 undefined

Hierarchical area distribution
------------------------------

                                  Global cell area          Local cell area
                                  ------------------  --------------------------- 
Hierarchical cell                 Absolute   Percent  Combi-    Noncombi-  Black-
                                  Total      Total    national  national   boxes   Design
--------------------------------  ---------  -------  --------  ---------  ------  ---------
vbw_cla_nci                          0.0000      0.0    0.0000     0.0000  0.0000  vbw_cla_nci
--------------------------------  ---------  -------  --------  ---------  ------  ---------
Total                                                   0.0000     0.0000  0.0000

1
