 
****************************************
Report : reference
Design : vbw_cla_nci
Version: K-2015.06-SP4
Date   : Mon Apr 24 11:33:37 2017
****************************************

Attributes:
    b - black box (unknown)
   bo - allows boundary optimization
    d - dont_touch
   mo - map_only
    h - hierarchical
    n - noncombinational
    r - removable
    s - synthetic operator
    u - contains unmapped logic

Reference          Library       Unit Area   Count    Total Area   Attributes
-----------------------------------------------------------------------------
AND2X1_RVT         saed32rvt_tt1p05v25c     2.033152      12    24.397825
AND3X1_RVT         saed32rvt_tt1p05v25c     2.287296       2     4.574592
INVX0_RVT          saed32rvt_tt1p05v25c     1.270720       2     2.541440
LA2_0                            10.165761       1     10.165761  h
LA2_1                            10.165761       1     10.165761  h
LA2_2                            10.165761       1     10.165761  h
LA2_3                            10.165761       1     10.165761  h
LA2_4                            10.165761       1     10.165761  h
LA2_5                            10.165761       1     10.165761  h
LA2_6                            10.165761       1     10.165761  h
LA2_7                            10.165761       1     10.165761  h
LA2_8                            10.165761       1     10.165761  h
LA2_9                            10.165761       1     10.165761  h
LA2_10                           10.165761       1     10.165761  h
LA2_11                           10.165761       1     10.165761  h
LA2_12                           10.165761       1     10.165761  h
LA2_13                           10.165761       1     10.165761  h
LA2_14                           10.165761       1     10.165761  h
LA2_15                           10.165761       1     10.165761  h
LA2_16                           10.165761       1     10.165761  h
LA2_17                           10.165761       1     10.165761  h
LA2_18                           10.165761       1     10.165761  h
LA2_19                           10.165761       1     10.165761  h
LA2_20                           10.165761       1     10.165761  h
LA2_21                           10.165761       1     10.165761  h
LA2_22                           10.165761       1     10.165761  h
LA2_23                           10.165761       1     10.165761  h
LA2_24                           10.165761       1     10.165761  h
LA2_25                           10.165761       1     10.165761  h
LA2_26                           10.165761       1     10.165761  h
LA2_27                           10.165761       1     10.165761  h
LA2_28                           10.165761       1     10.165761  h
LA2_29                           10.165761       1     10.165761  h
LA2_30                           10.165761       1     10.165761  h
LA2_31                           10.165761       1     10.165761  h
LA2_32                           10.165761       1     10.165761  h
LA2_33                           10.165761       1     10.165761  h
LA2_34                           10.165761       1     10.165761  h
LA2_35                           10.165761       1     10.165761  h
LA2_36                           10.165761       1     10.165761  h
LA2_37                           10.165761       1     10.165761  h
LA2_38                           10.165761       1     10.165761  h
LA2_39                           10.165761       1     10.165761  h
LA2_40                           10.165761       1     10.165761  h
LA2_41                           10.165761       1     10.165761  h
LA2_42                           10.165761       1     10.165761  h
LA2_43                           10.165761       1     10.165761  h
LA2_44                           10.165761       1     10.165761  h
LA2_45                           10.165761       1     10.165761  h
LA2_46                           10.165761       1     10.165761  h
LA2_47                           10.165761       1     10.165761  h
LA2_48                           10.165761       1     10.165761  h
LA2_49                           10.165761       1     10.165761  h
LA2_50                           10.165761       1     10.165761  h
LA2_51                           10.165761       1     10.165761  h
LA2_52                           10.165761       1     10.165761  h
LA2_53                           10.165761       1     10.165761  h
LA2_54                           10.165761       1     10.165761  h
LA2_55                           10.165761       1     10.165761  h
LA2_56                           10.165761       1     10.165761  h
LA2_57                           10.165761       1     10.165761  h
LA2_58                           10.165761       1     10.165761  h
LA2_59                           10.165761       1     10.165761  h
LA2_60                           10.165761       1     10.165761  h
LA2_61                           10.165761       1     10.165761  h
LA2_62                           10.165761       1     10.165761  h
MFA_0                             8.640896       1      8.640896  h
MFA_1                             8.640896       1      8.640896  h
MFA_2                             8.640896       1      8.640896  h
MFA_3                             8.640896       1      8.640896  h
MFA_4                             8.640896       1      8.640896  h
MFA_5                             8.640896       1      8.640896  h
MFA_6                             8.640896       1      8.640896  h
MFA_7                             8.640896       1      8.640896  h
MFA_8                             8.640896       1      8.640896  h
MFA_9                             8.640896       1      8.640896  h
MFA_10                            8.640896       1      8.640896  h
MFA_11                            8.640896       1      8.640896  h
MFA_12                            8.640896       1      8.640896  h
MFA_13                            8.640896       1      8.640896  h
MFA_14                            8.640896       1      8.640896  h
MFA_15                            8.640896       1      8.640896  h
MFA_16                            8.640896       1      8.640896  h
MFA_17                            8.640896       1      8.640896  h
MFA_18                            8.640896       1      8.640896  h
MFA_19                            8.640896       1      8.640896  h
MFA_20                            8.640896       1      8.640896  h
MFA_21                            8.640896       1      8.640896  h
MFA_22                            8.640896       1      8.640896  h
MFA_23                            8.640896       1      8.640896  h
MFA_24                            8.640896       1      8.640896  h
MFA_25                            8.640896       1      8.640896  h
MFA_26                            8.640896       1      8.640896  h
MFA_27                            8.640896       1      8.640896  h
MFA_28                            8.640896       1      8.640896  h
MFA_29                            8.640896       1      8.640896  h
MFA_30                            8.640896       1      8.640896  h
MFA_31                            8.640896       1      8.640896  h
MFA_32                            8.640896       1      8.640896  h
MFA_33                            8.640896       1      8.640896  h
MFA_34                            8.640896       1      8.640896  h
MFA_35                            8.640896       1      8.640896  h
MFA_36                            8.640896       1      8.640896  h
MFA_37                            8.640896       1      8.640896  h
MFA_38                            8.640896       1      8.640896  h
MFA_39                            8.640896       1      8.640896  h
MFA_40                            8.640896       1      8.640896  h
MFA_41                            8.640896       1      8.640896  h
MFA_42                            8.640896       1      8.640896  h
MFA_43                            8.640896       1      8.640896  h
MFA_44                            8.640896       1      8.640896  h
MFA_45                            8.640896       1      8.640896  h
MFA_46                            8.640896       1      8.640896  h
MFA_47                            8.640896       1      8.640896  h
MFA_48                            8.640896       1      8.640896  h
MFA_49                            8.640896       1      8.640896  h
MFA_50                            8.640896       1      8.640896  h
MFA_51                            8.640896       1      8.640896  h
MFA_52                            8.640896       1      8.640896  h
MFA_53                            8.640896       1      8.640896  h
MFA_54                            8.640896       1      8.640896  h
MFA_55                            8.640896       1      8.640896  h
MFA_56                            8.640896       1      8.640896  h
MFA_57                            8.640896       1      8.640896  h
MFA_58                            8.640896       1      8.640896  h
MFA_59                            8.640896       1      8.640896  h
MFA_60                            8.640896       1      8.640896  h
MFA_61                            8.640896       1      8.640896  h
MFA_62                            8.640896       1      8.640896  h
MFA_63                            8.640896       1      8.640896  h
OR2X1_RVT          saed32rvt_tt1p05v25c     2.033152       4     8.132608
-----------------------------------------------------------------------------
Total 131 references                                 1233.106743

****************************************
Design: LA2_0 
****************************************
Reference          Library       Unit Area   Count    Total Area   Attributes
-----------------------------------------------------------------------------
AND2X1_RVT         saed32rvt_tt1p05v25c     2.033152       3     6.099456
OR2X1_RVT          saed32rvt_tt1p05v25c     2.033152       2     4.066304
-----------------------------------------------------------------------------
Total 2 references                                     10.165761

****************************************
Design: LA2_1 
****************************************
Reference          Library       Unit Area   Count    Total Area   Attributes
-----------------------------------------------------------------------------
AND2X1_RVT         saed32rvt_tt1p05v25c     2.033152       3     6.099456
OR2X1_RVT          saed32rvt_tt1p05v25c     2.033152       2     4.066304
-----------------------------------------------------------------------------
Total 2 references                                     10.165761

****************************************
Design: LA2_2 
****************************************
Reference          Library       Unit Area   Count    Total Area   Attributes
-----------------------------------------------------------------------------
AND2X1_RVT         saed32rvt_tt1p05v25c     2.033152       3     6.099456
OR2X1_RVT          saed32rvt_tt1p05v25c     2.033152       2     4.066304
-----------------------------------------------------------------------------
Total 2 references                                     10.165761

****************************************
Design: LA2_3 
****************************************
Reference          Library       Unit Area   Count    Total Area   Attributes
-----------------------------------------------------------------------------
AND2X1_RVT         saed32rvt_tt1p05v25c     2.033152       3     6.099456
OR2X1_RVT          saed32rvt_tt1p05v25c     2.033152       2     4.066304
-----------------------------------------------------------------------------
Total 2 references                                     10.165761

****************************************
Design: LA2_4 
****************************************
Reference          Library       Unit Area   Count    Total Area   Attributes
-----------------------------------------------------------------------------
AND2X1_RVT         saed32rvt_tt1p05v25c     2.033152       3     6.099456
OR2X1_RVT          saed32rvt_tt1p05v25c     2.033152       2     4.066304
-----------------------------------------------------------------------------
Total 2 references                                     10.165761

****************************************
Design: LA2_5 
****************************************
Reference          Library       Unit Area   Count    Total Area   Attributes
-----------------------------------------------------------------------------
AND2X1_RVT         saed32rvt_tt1p05v25c     2.033152       3     6.099456
OR2X1_RVT          saed32rvt_tt1p05v25c     2.033152       2     4.066304
-----------------------------------------------------------------------------
Total 2 references                                     10.165761

****************************************
Design: LA2_6 
****************************************
Reference          Library       Unit Area   Count    Total Area   Attributes
-----------------------------------------------------------------------------
AND2X1_RVT         saed32rvt_tt1p05v25c     2.033152       3     6.099456
OR2X1_RVT          saed32rvt_tt1p05v25c     2.033152       2     4.066304
-----------------------------------------------------------------------------
Total 2 references                                     10.165761

****************************************
Design: LA2_7 
****************************************
Reference          Library       Unit Area   Count    Total Area   Attributes
-----------------------------------------------------------------------------
AND2X1_RVT         saed32rvt_tt1p05v25c     2.033152       3     6.099456
OR2X1_RVT          saed32rvt_tt1p05v25c     2.033152       2     4.066304
-----------------------------------------------------------------------------
Total 2 references                                     10.165761

****************************************
Design: LA2_8 
****************************************
Reference          Library       Unit Area   Count    Total Area   Attributes
-----------------------------------------------------------------------------
AND2X1_RVT         saed32rvt_tt1p05v25c     2.033152       3     6.099456
OR2X1_RVT          saed32rvt_tt1p05v25c     2.033152       2     4.066304
-----------------------------------------------------------------------------
Total 2 references                                     10.165761

****************************************
Design: LA2_9 
****************************************
Reference          Library       Unit Area   Count    Total Area   Attributes
-----------------------------------------------------------------------------
AND2X1_RVT         saed32rvt_tt1p05v25c     2.033152       3     6.099456
OR2X1_RVT          saed32rvt_tt1p05v25c     2.033152       2     4.066304
-----------------------------------------------------------------------------
Total 2 references                                     10.165761

****************************************
Design: LA2_10 
****************************************
Reference          Library       Unit Area   Count    Total Area   Attributes
-----------------------------------------------------------------------------
AND2X1_RVT         saed32rvt_tt1p05v25c     2.033152       3     6.099456
OR2X1_RVT          saed32rvt_tt1p05v25c     2.033152       2     4.066304
-----------------------------------------------------------------------------
Total 2 references                                     10.165761

****************************************
Design: LA2_11 
****************************************
Reference          Library       Unit Area   Count    Total Area   Attributes
-----------------------------------------------------------------------------
AND2X1_RVT         saed32rvt_tt1p05v25c     2.033152       3     6.099456
OR2X1_RVT          saed32rvt_tt1p05v25c     2.033152       2     4.066304
-----------------------------------------------------------------------------
Total 2 references                                     10.165761

****************************************
Design: LA2_12 
****************************************
Reference          Library       Unit Area   Count    Total Area   Attributes
-----------------------------------------------------------------------------
AND2X1_RVT         saed32rvt_tt1p05v25c     2.033152       3     6.099456
OR2X1_RVT          saed32rvt_tt1p05v25c     2.033152       2     4.066304
-----------------------------------------------------------------------------
Total 2 references                                     10.165761

****************************************
Design: LA2_13 
****************************************
Reference          Library       Unit Area   Count    Total Area   Attributes
-----------------------------------------------------------------------------
AND2X1_RVT         saed32rvt_tt1p05v25c     2.033152       3     6.099456
OR2X1_RVT          saed32rvt_tt1p05v25c     2.033152       2     4.066304
-----------------------------------------------------------------------------
Total 2 references                                     10.165761

****************************************
Design: LA2_14 
****************************************
Reference          Library       Unit Area   Count    Total Area   Attributes
-----------------------------------------------------------------------------
AND2X1_RVT         saed32rvt_tt1p05v25c     2.033152       3     6.099456
OR2X1_RVT          saed32rvt_tt1p05v25c     2.033152       2     4.066304
-----------------------------------------------------------------------------
Total 2 references                                     10.165761

****************************************
Design: LA2_15 
****************************************
Reference          Library       Unit Area   Count    Total Area   Attributes
-----------------------------------------------------------------------------
AND2X1_RVT         saed32rvt_tt1p05v25c     2.033152       3     6.099456
OR2X1_RVT          saed32rvt_tt1p05v25c     2.033152       2     4.066304
-----------------------------------------------------------------------------
Total 2 references                                     10.165761

****************************************
Design: LA2_16 
****************************************
Reference          Library       Unit Area   Count    Total Area   Attributes
-----------------------------------------------------------------------------
AND2X1_RVT         saed32rvt_tt1p05v25c     2.033152       3     6.099456
OR2X1_RVT          saed32rvt_tt1p05v25c     2.033152       2     4.066304
-----------------------------------------------------------------------------
Total 2 references                                     10.165761

****************************************
Design: LA2_17 
****************************************
Reference          Library       Unit Area   Count    Total Area   Attributes
-----------------------------------------------------------------------------
AND2X1_RVT         saed32rvt_tt1p05v25c     2.033152       3     6.099456
OR2X1_RVT          saed32rvt_tt1p05v25c     2.033152       2     4.066304
-----------------------------------------------------------------------------
Total 2 references                                     10.165761

****************************************
Design: LA2_18 
****************************************
Reference          Library       Unit Area   Count    Total Area   Attributes
-----------------------------------------------------------------------------
AND2X1_RVT         saed32rvt_tt1p05v25c     2.033152       3     6.099456
OR2X1_RVT          saed32rvt_tt1p05v25c     2.033152       2     4.066304
-----------------------------------------------------------------------------
Total 2 references                                     10.165761

****************************************
Design: LA2_19 
****************************************
Reference          Library       Unit Area   Count    Total Area   Attributes
-----------------------------------------------------------------------------
AND2X1_RVT         saed32rvt_tt1p05v25c     2.033152       3     6.099456
OR2X1_RVT          saed32rvt_tt1p05v25c     2.033152       2     4.066304
-----------------------------------------------------------------------------
Total 2 references                                     10.165761

****************************************
Design: LA2_20 
****************************************
Reference          Library       Unit Area   Count    Total Area   Attributes
-----------------------------------------------------------------------------
AND2X1_RVT         saed32rvt_tt1p05v25c     2.033152       3     6.099456
OR2X1_RVT          saed32rvt_tt1p05v25c     2.033152       2     4.066304
-----------------------------------------------------------------------------
Total 2 references                                     10.165761

****************************************
Design: LA2_21 
****************************************
Reference          Library       Unit Area   Count    Total Area   Attributes
-----------------------------------------------------------------------------
AND2X1_RVT         saed32rvt_tt1p05v25c     2.033152       3     6.099456
OR2X1_RVT          saed32rvt_tt1p05v25c     2.033152       2     4.066304
-----------------------------------------------------------------------------
Total 2 references                                     10.165761

****************************************
Design: LA2_22 
****************************************
Reference          Library       Unit Area   Count    Total Area   Attributes
-----------------------------------------------------------------------------
AND2X1_RVT         saed32rvt_tt1p05v25c     2.033152       3     6.099456
OR2X1_RVT          saed32rvt_tt1p05v25c     2.033152       2     4.066304
-----------------------------------------------------------------------------
Total 2 references                                     10.165761

****************************************
Design: LA2_23 
****************************************
Reference          Library       Unit Area   Count    Total Area   Attributes
-----------------------------------------------------------------------------
AND2X1_RVT         saed32rvt_tt1p05v25c     2.033152       3     6.099456
OR2X1_RVT          saed32rvt_tt1p05v25c     2.033152       2     4.066304
-----------------------------------------------------------------------------
Total 2 references                                     10.165761

****************************************
Design: LA2_24 
****************************************
Reference          Library       Unit Area   Count    Total Area   Attributes
-----------------------------------------------------------------------------
AND2X1_RVT         saed32rvt_tt1p05v25c     2.033152       3     6.099456
OR2X1_RVT          saed32rvt_tt1p05v25c     2.033152       2     4.066304
-----------------------------------------------------------------------------
Total 2 references                                     10.165761

****************************************
Design: LA2_25 
****************************************
Reference          Library       Unit Area   Count    Total Area   Attributes
-----------------------------------------------------------------------------
AND2X1_RVT         saed32rvt_tt1p05v25c     2.033152       3     6.099456
OR2X1_RVT          saed32rvt_tt1p05v25c     2.033152       2     4.066304
-----------------------------------------------------------------------------
Total 2 references                                     10.165761

****************************************
Design: LA2_26 
****************************************
Reference          Library       Unit Area   Count    Total Area   Attributes
-----------------------------------------------------------------------------
AND2X1_RVT         saed32rvt_tt1p05v25c     2.033152       3     6.099456
OR2X1_RVT          saed32rvt_tt1p05v25c     2.033152       2     4.066304
-----------------------------------------------------------------------------
Total 2 references                                     10.165761

****************************************
Design: LA2_27 
****************************************
Reference          Library       Unit Area   Count    Total Area   Attributes
-----------------------------------------------------------------------------
AND2X1_RVT         saed32rvt_tt1p05v25c     2.033152       3     6.099456
OR2X1_RVT          saed32rvt_tt1p05v25c     2.033152       2     4.066304
-----------------------------------------------------------------------------
Total 2 references                                     10.165761

****************************************
Design: LA2_28 
****************************************
Reference          Library       Unit Area   Count    Total Area   Attributes
-----------------------------------------------------------------------------
AND2X1_RVT         saed32rvt_tt1p05v25c     2.033152       3     6.099456
OR2X1_RVT          saed32rvt_tt1p05v25c     2.033152       2     4.066304
-----------------------------------------------------------------------------
Total 2 references                                     10.165761

****************************************
Design: LA2_29 
****************************************
Reference          Library       Unit Area   Count    Total Area   Attributes
-----------------------------------------------------------------------------
AND2X1_RVT         saed32rvt_tt1p05v25c     2.033152       3     6.099456
OR2X1_RVT          saed32rvt_tt1p05v25c     2.033152       2     4.066304
-----------------------------------------------------------------------------
Total 2 references                                     10.165761

****************************************
Design: LA2_30 
****************************************
Reference          Library       Unit Area   Count    Total Area   Attributes
-----------------------------------------------------------------------------
AND2X1_RVT         saed32rvt_tt1p05v25c     2.033152       3     6.099456
OR2X1_RVT          saed32rvt_tt1p05v25c     2.033152       2     4.066304
-----------------------------------------------------------------------------
Total 2 references                                     10.165761

****************************************
Design: LA2_31 
****************************************
Reference          Library       Unit Area   Count    Total Area   Attributes
-----------------------------------------------------------------------------
AND2X1_RVT         saed32rvt_tt1p05v25c     2.033152       3     6.099456
OR2X1_RVT          saed32rvt_tt1p05v25c     2.033152       2     4.066304
-----------------------------------------------------------------------------
Total 2 references                                     10.165761

****************************************
Design: LA2_32 
****************************************
Reference          Library       Unit Area   Count    Total Area   Attributes
-----------------------------------------------------------------------------
AND2X1_RVT         saed32rvt_tt1p05v25c     2.033152       3     6.099456
OR2X1_RVT          saed32rvt_tt1p05v25c     2.033152       2     4.066304
-----------------------------------------------------------------------------
Total 2 references                                     10.165761

****************************************
Design: LA2_33 
****************************************
Reference          Library       Unit Area   Count    Total Area   Attributes
-----------------------------------------------------------------------------
AND2X1_RVT         saed32rvt_tt1p05v25c     2.033152       3     6.099456
OR2X1_RVT          saed32rvt_tt1p05v25c     2.033152       2     4.066304
-----------------------------------------------------------------------------
Total 2 references                                     10.165761

****************************************
Design: LA2_34 
****************************************
Reference          Library       Unit Area   Count    Total Area   Attributes
-----------------------------------------------------------------------------
AND2X1_RVT         saed32rvt_tt1p05v25c     2.033152       3     6.099456
OR2X1_RVT          saed32rvt_tt1p05v25c     2.033152       2     4.066304
-----------------------------------------------------------------------------
Total 2 references                                     10.165761

****************************************
Design: LA2_35 
****************************************
Reference          Library       Unit Area   Count    Total Area   Attributes
-----------------------------------------------------------------------------
AND2X1_RVT         saed32rvt_tt1p05v25c     2.033152       3     6.099456
OR2X1_RVT          saed32rvt_tt1p05v25c     2.033152       2     4.066304
-----------------------------------------------------------------------------
Total 2 references                                     10.165761

****************************************
Design: LA2_36 
****************************************
Reference          Library       Unit Area   Count    Total Area   Attributes
-----------------------------------------------------------------------------
AND2X1_RVT         saed32rvt_tt1p05v25c     2.033152       3     6.099456
OR2X1_RVT          saed32rvt_tt1p05v25c     2.033152       2     4.066304
-----------------------------------------------------------------------------
Total 2 references                                     10.165761

****************************************
Design: LA2_37 
****************************************
Reference          Library       Unit Area   Count    Total Area   Attributes
-----------------------------------------------------------------------------
AND2X1_RVT         saed32rvt_tt1p05v25c     2.033152       3     6.099456
OR2X1_RVT          saed32rvt_tt1p05v25c     2.033152       2     4.066304
-----------------------------------------------------------------------------
Total 2 references                                     10.165761

****************************************
Design: LA2_38 
****************************************
Reference          Library       Unit Area   Count    Total Area   Attributes
-----------------------------------------------------------------------------
AND2X1_RVT         saed32rvt_tt1p05v25c     2.033152       3     6.099456
OR2X1_RVT          saed32rvt_tt1p05v25c     2.033152       2     4.066304
-----------------------------------------------------------------------------
Total 2 references                                     10.165761

****************************************
Design: LA2_39 
****************************************
Reference          Library       Unit Area   Count    Total Area   Attributes
-----------------------------------------------------------------------------
AND2X1_RVT         saed32rvt_tt1p05v25c     2.033152       3     6.099456
OR2X1_RVT          saed32rvt_tt1p05v25c     2.033152       2     4.066304
-----------------------------------------------------------------------------
Total 2 references                                     10.165761

****************************************
Design: LA2_40 
****************************************
Reference          Library       Unit Area   Count    Total Area   Attributes
-----------------------------------------------------------------------------
AND2X1_RVT         saed32rvt_tt1p05v25c     2.033152       3     6.099456
OR2X1_RVT          saed32rvt_tt1p05v25c     2.033152       2     4.066304
-----------------------------------------------------------------------------
Total 2 references                                     10.165761

****************************************
Design: LA2_41 
****************************************
Reference          Library       Unit Area   Count    Total Area   Attributes
-----------------------------------------------------------------------------
AND2X1_RVT         saed32rvt_tt1p05v25c     2.033152       3     6.099456
OR2X1_RVT          saed32rvt_tt1p05v25c     2.033152       2     4.066304
-----------------------------------------------------------------------------
Total 2 references                                     10.165761

****************************************
Design: LA2_42 
****************************************
Reference          Library       Unit Area   Count    Total Area   Attributes
-----------------------------------------------------------------------------
AND2X1_RVT         saed32rvt_tt1p05v25c     2.033152       3     6.099456
OR2X1_RVT          saed32rvt_tt1p05v25c     2.033152       2     4.066304
-----------------------------------------------------------------------------
Total 2 references                                     10.165761

****************************************
Design: LA2_43 
****************************************
Reference          Library       Unit Area   Count    Total Area   Attributes
-----------------------------------------------------------------------------
AND2X1_RVT         saed32rvt_tt1p05v25c     2.033152       3     6.099456
OR2X1_RVT          saed32rvt_tt1p05v25c     2.033152       2     4.066304
-----------------------------------------------------------------------------
Total 2 references                                     10.165761

****************************************
Design: LA2_44 
****************************************
Reference          Library       Unit Area   Count    Total Area   Attributes
-----------------------------------------------------------------------------
AND2X1_RVT         saed32rvt_tt1p05v25c     2.033152       3     6.099456
OR2X1_RVT          saed32rvt_tt1p05v25c     2.033152       2     4.066304
-----------------------------------------------------------------------------
Total 2 references                                     10.165761

****************************************
Design: LA2_45 
****************************************
Reference          Library       Unit Area   Count    Total Area   Attributes
-----------------------------------------------------------------------------
AND2X1_RVT         saed32rvt_tt1p05v25c     2.033152       3     6.099456
OR2X1_RVT          saed32rvt_tt1p05v25c     2.033152       2     4.066304
-----------------------------------------------------------------------------
Total 2 references                                     10.165761

****************************************
Design: LA2_46 
****************************************
Reference          Library       Unit Area   Count    Total Area   Attributes
-----------------------------------------------------------------------------
AND2X1_RVT         saed32rvt_tt1p05v25c     2.033152       3     6.099456
OR2X1_RVT          saed32rvt_tt1p05v25c     2.033152       2     4.066304
-----------------------------------------------------------------------------
Total 2 references                                     10.165761

****************************************
Design: LA2_47 
****************************************
Reference          Library       Unit Area   Count    Total Area   Attributes
-----------------------------------------------------------------------------
AND2X1_RVT         saed32rvt_tt1p05v25c     2.033152       3     6.099456
OR2X1_RVT          saed32rvt_tt1p05v25c     2.033152       2     4.066304
-----------------------------------------------------------------------------
Total 2 references                                     10.165761

****************************************
Design: LA2_48 
****************************************
Reference          Library       Unit Area   Count    Total Area   Attributes
-----------------------------------------------------------------------------
AND2X1_RVT         saed32rvt_tt1p05v25c     2.033152       3     6.099456
OR2X1_RVT          saed32rvt_tt1p05v25c     2.033152       2     4.066304
-----------------------------------------------------------------------------
Total 2 references                                     10.165761

****************************************
Design: LA2_49 
****************************************
Reference          Library       Unit Area   Count    Total Area   Attributes
-----------------------------------------------------------------------------
AND2X1_RVT         saed32rvt_tt1p05v25c     2.033152       3     6.099456
OR2X1_RVT          saed32rvt_tt1p05v25c     2.033152       2     4.066304
-----------------------------------------------------------------------------
Total 2 references                                     10.165761

****************************************
Design: LA2_50 
****************************************
Reference          Library       Unit Area   Count    Total Area   Attributes
-----------------------------------------------------------------------------
AND2X1_RVT         saed32rvt_tt1p05v25c     2.033152       3     6.099456
OR2X1_RVT          saed32rvt_tt1p05v25c     2.033152       2     4.066304
-----------------------------------------------------------------------------
Total 2 references                                     10.165761

****************************************
Design: LA2_51 
****************************************
Reference          Library       Unit Area   Count    Total Area   Attributes
-----------------------------------------------------------------------------
AND2X1_RVT         saed32rvt_tt1p05v25c     2.033152       3     6.099456
OR2X1_RVT          saed32rvt_tt1p05v25c     2.033152       2     4.066304
-----------------------------------------------------------------------------
Total 2 references                                     10.165761

****************************************
Design: LA2_52 
****************************************
Reference          Library       Unit Area   Count    Total Area   Attributes
-----------------------------------------------------------------------------
AND2X1_RVT         saed32rvt_tt1p05v25c     2.033152       3     6.099456
OR2X1_RVT          saed32rvt_tt1p05v25c     2.033152       2     4.066304
-----------------------------------------------------------------------------
Total 2 references                                     10.165761

****************************************
Design: LA2_53 
****************************************
Reference          Library       Unit Area   Count    Total Area   Attributes
-----------------------------------------------------------------------------
AND2X1_RVT         saed32rvt_tt1p05v25c     2.033152       3     6.099456
OR2X1_RVT          saed32rvt_tt1p05v25c     2.033152       2     4.066304
-----------------------------------------------------------------------------
Total 2 references                                     10.165761

****************************************
Design: LA2_54 
****************************************
Reference          Library       Unit Area   Count    Total Area   Attributes
-----------------------------------------------------------------------------
AND2X1_RVT         saed32rvt_tt1p05v25c     2.033152       3     6.099456
OR2X1_RVT          saed32rvt_tt1p05v25c     2.033152       2     4.066304
-----------------------------------------------------------------------------
Total 2 references                                     10.165761

****************************************
Design: LA2_55 
****************************************
Reference          Library       Unit Area   Count    Total Area   Attributes
-----------------------------------------------------------------------------
AND2X1_RVT         saed32rvt_tt1p05v25c     2.033152       3     6.099456
OR2X1_RVT          saed32rvt_tt1p05v25c     2.033152       2     4.066304
-----------------------------------------------------------------------------
Total 2 references                                     10.165761

****************************************
Design: LA2_56 
****************************************
Reference          Library       Unit Area   Count    Total Area   Attributes
-----------------------------------------------------------------------------
AND2X1_RVT         saed32rvt_tt1p05v25c     2.033152       3     6.099456
OR2X1_RVT          saed32rvt_tt1p05v25c     2.033152       2     4.066304
-----------------------------------------------------------------------------
Total 2 references                                     10.165761

****************************************
Design: LA2_57 
****************************************
Reference          Library       Unit Area   Count    Total Area   Attributes
-----------------------------------------------------------------------------
AND2X1_RVT         saed32rvt_tt1p05v25c     2.033152       3     6.099456
OR2X1_RVT          saed32rvt_tt1p05v25c     2.033152       2     4.066304
-----------------------------------------------------------------------------
Total 2 references                                     10.165761

****************************************
Design: LA2_58 
****************************************
Reference          Library       Unit Area   Count    Total Area   Attributes
-----------------------------------------------------------------------------
AND2X1_RVT         saed32rvt_tt1p05v25c     2.033152       3     6.099456
OR2X1_RVT          saed32rvt_tt1p05v25c     2.033152       2     4.066304
-----------------------------------------------------------------------------
Total 2 references                                     10.165761

****************************************
Design: LA2_59 
****************************************
Reference          Library       Unit Area   Count    Total Area   Attributes
-----------------------------------------------------------------------------
AND2X1_RVT         saed32rvt_tt1p05v25c     2.033152       3     6.099456
OR2X1_RVT          saed32rvt_tt1p05v25c     2.033152       2     4.066304
-----------------------------------------------------------------------------
Total 2 references                                     10.165761

****************************************
Design: LA2_60 
****************************************
Reference          Library       Unit Area   Count    Total Area   Attributes
-----------------------------------------------------------------------------
AND2X1_RVT         saed32rvt_tt1p05v25c     2.033152       3     6.099456
OR2X1_RVT          saed32rvt_tt1p05v25c     2.033152       2     4.066304
-----------------------------------------------------------------------------
Total 2 references                                     10.165761

****************************************
Design: LA2_61 
****************************************
Reference          Library       Unit Area   Count    Total Area   Attributes
-----------------------------------------------------------------------------
AND2X1_RVT         saed32rvt_tt1p05v25c     2.033152       3     6.099456
OR2X1_RVT          saed32rvt_tt1p05v25c     2.033152       2     4.066304
-----------------------------------------------------------------------------
Total 2 references                                     10.165761

****************************************
Design: LA2_62 
****************************************
Reference          Library       Unit Area   Count    Total Area   Attributes
-----------------------------------------------------------------------------
AND2X1_RVT         saed32rvt_tt1p05v25c     2.033152       3     6.099456
OR2X1_RVT          saed32rvt_tt1p05v25c     2.033152       2     4.066304
-----------------------------------------------------------------------------
Total 2 references                                     10.165761

****************************************
Design: MFA_0 
****************************************
Reference          Library       Unit Area   Count    Total Area   Attributes
-----------------------------------------------------------------------------
AND2X1_RVT         saed32rvt_tt1p05v25c     2.033152       1     2.033152
HADDX1_RVT         saed32rvt_tt1p05v25c     3.303872       2     6.607744 r
-----------------------------------------------------------------------------
Total 2 references                                      8.640896

****************************************
Design: MFA_1 
****************************************
Reference          Library       Unit Area   Count    Total Area   Attributes
-----------------------------------------------------------------------------
AND2X1_RVT         saed32rvt_tt1p05v25c     2.033152       1     2.033152
HADDX1_RVT         saed32rvt_tt1p05v25c     3.303872       2     6.607744 r
-----------------------------------------------------------------------------
Total 2 references                                      8.640896

****************************************
Design: MFA_2 
****************************************
Reference          Library       Unit Area   Count    Total Area   Attributes
-----------------------------------------------------------------------------
AND2X1_RVT         saed32rvt_tt1p05v25c     2.033152       1     2.033152
HADDX1_RVT         saed32rvt_tt1p05v25c     3.303872       2     6.607744 r
-----------------------------------------------------------------------------
Total 2 references                                      8.640896

****************************************
Design: MFA_3 
****************************************
Reference          Library       Unit Area   Count    Total Area   Attributes
-----------------------------------------------------------------------------
AND2X1_RVT         saed32rvt_tt1p05v25c     2.033152       1     2.033152
HADDX1_RVT         saed32rvt_tt1p05v25c     3.303872       2     6.607744 r
-----------------------------------------------------------------------------
Total 2 references                                      8.640896

****************************************
Design: MFA_4 
****************************************
Reference          Library       Unit Area   Count    Total Area   Attributes
-----------------------------------------------------------------------------
AND2X1_RVT         saed32rvt_tt1p05v25c     2.033152       1     2.033152
HADDX1_RVT         saed32rvt_tt1p05v25c     3.303872       2     6.607744 r
-----------------------------------------------------------------------------
Total 2 references                                      8.640896

****************************************
Design: MFA_5 
****************************************
Reference          Library       Unit Area   Count    Total Area   Attributes
-----------------------------------------------------------------------------
AND2X1_RVT         saed32rvt_tt1p05v25c     2.033152       1     2.033152
HADDX1_RVT         saed32rvt_tt1p05v25c     3.303872       2     6.607744 r
-----------------------------------------------------------------------------
Total 2 references                                      8.640896

****************************************
Design: MFA_6 
****************************************
Reference          Library       Unit Area   Count    Total Area   Attributes
-----------------------------------------------------------------------------
AND2X1_RVT         saed32rvt_tt1p05v25c     2.033152       1     2.033152
HADDX1_RVT         saed32rvt_tt1p05v25c     3.303872       2     6.607744 r
-----------------------------------------------------------------------------
Total 2 references                                      8.640896

****************************************
Design: MFA_7 
****************************************
Reference          Library       Unit Area   Count    Total Area   Attributes
-----------------------------------------------------------------------------
AND2X1_RVT         saed32rvt_tt1p05v25c     2.033152       1     2.033152
HADDX1_RVT         saed32rvt_tt1p05v25c     3.303872       2     6.607744 r
-----------------------------------------------------------------------------
Total 2 references                                      8.640896

****************************************
Design: MFA_8 
****************************************
Reference          Library       Unit Area   Count    Total Area   Attributes
-----------------------------------------------------------------------------
AND2X1_RVT         saed32rvt_tt1p05v25c     2.033152       1     2.033152
HADDX1_RVT         saed32rvt_tt1p05v25c     3.303872       2     6.607744 r
-----------------------------------------------------------------------------
Total 2 references                                      8.640896

****************************************
Design: MFA_9 
****************************************
Reference          Library       Unit Area   Count    Total Area   Attributes
-----------------------------------------------------------------------------
AND2X1_RVT         saed32rvt_tt1p05v25c     2.033152       1     2.033152
HADDX1_RVT         saed32rvt_tt1p05v25c     3.303872       2     6.607744 r
-----------------------------------------------------------------------------
Total 2 references                                      8.640896

****************************************
Design: MFA_10 
****************************************
Reference          Library       Unit Area   Count    Total Area   Attributes
-----------------------------------------------------------------------------
AND2X1_RVT         saed32rvt_tt1p05v25c     2.033152       1     2.033152
HADDX1_RVT         saed32rvt_tt1p05v25c     3.303872       2     6.607744 r
-----------------------------------------------------------------------------
Total 2 references                                      8.640896

****************************************
Design: MFA_11 
****************************************
Reference          Library       Unit Area   Count    Total Area   Attributes
-----------------------------------------------------------------------------
AND2X1_RVT         saed32rvt_tt1p05v25c     2.033152       1     2.033152
HADDX1_RVT         saed32rvt_tt1p05v25c     3.303872       2     6.607744 r
-----------------------------------------------------------------------------
Total 2 references                                      8.640896

****************************************
Design: MFA_12 
****************************************
Reference          Library       Unit Area   Count    Total Area   Attributes
-----------------------------------------------------------------------------
AND2X1_RVT         saed32rvt_tt1p05v25c     2.033152       1     2.033152
HADDX1_RVT         saed32rvt_tt1p05v25c     3.303872       2     6.607744 r
-----------------------------------------------------------------------------
Total 2 references                                      8.640896

****************************************
Design: MFA_13 
****************************************
Reference          Library       Unit Area   Count    Total Area   Attributes
-----------------------------------------------------------------------------
AND2X1_RVT         saed32rvt_tt1p05v25c     2.033152       1     2.033152
HADDX1_RVT         saed32rvt_tt1p05v25c     3.303872       2     6.607744 r
-----------------------------------------------------------------------------
Total 2 references                                      8.640896

****************************************
Design: MFA_14 
****************************************
Reference          Library       Unit Area   Count    Total Area   Attributes
-----------------------------------------------------------------------------
AND2X1_RVT         saed32rvt_tt1p05v25c     2.033152       1     2.033152
HADDX1_RVT         saed32rvt_tt1p05v25c     3.303872       2     6.607744 r
-----------------------------------------------------------------------------
Total 2 references                                      8.640896

****************************************
Design: MFA_15 
****************************************
Reference          Library       Unit Area   Count    Total Area   Attributes
-----------------------------------------------------------------------------
AND2X1_RVT         saed32rvt_tt1p05v25c     2.033152       1     2.033152
HADDX1_RVT         saed32rvt_tt1p05v25c     3.303872       2     6.607744 r
-----------------------------------------------------------------------------
Total 2 references                                      8.640896

****************************************
Design: MFA_16 
****************************************
Reference          Library       Unit Area   Count    Total Area   Attributes
-----------------------------------------------------------------------------
AND2X1_RVT         saed32rvt_tt1p05v25c     2.033152       1     2.033152
HADDX1_RVT         saed32rvt_tt1p05v25c     3.303872       2     6.607744 r
-----------------------------------------------------------------------------
Total 2 references                                      8.640896

****************************************
Design: MFA_17 
****************************************
Reference          Library       Unit Area   Count    Total Area   Attributes
-----------------------------------------------------------------------------
AND2X1_RVT         saed32rvt_tt1p05v25c     2.033152       1     2.033152
HADDX1_RVT         saed32rvt_tt1p05v25c     3.303872       2     6.607744 r
-----------------------------------------------------------------------------
Total 2 references                                      8.640896

****************************************
Design: MFA_18 
****************************************
Reference          Library       Unit Area   Count    Total Area   Attributes
-----------------------------------------------------------------------------
AND2X1_RVT         saed32rvt_tt1p05v25c     2.033152       1     2.033152
HADDX1_RVT         saed32rvt_tt1p05v25c     3.303872       2     6.607744 r
-----------------------------------------------------------------------------
Total 2 references                                      8.640896

****************************************
Design: MFA_19 
****************************************
Reference          Library       Unit Area   Count    Total Area   Attributes
-----------------------------------------------------------------------------
AND2X1_RVT         saed32rvt_tt1p05v25c     2.033152       1     2.033152
HADDX1_RVT         saed32rvt_tt1p05v25c     3.303872       2     6.607744 r
-----------------------------------------------------------------------------
Total 2 references                                      8.640896

****************************************
Design: MFA_20 
****************************************
Reference          Library       Unit Area   Count    Total Area   Attributes
-----------------------------------------------------------------------------
AND2X1_RVT         saed32rvt_tt1p05v25c     2.033152       1     2.033152
HADDX1_RVT         saed32rvt_tt1p05v25c     3.303872       2     6.607744 r
-----------------------------------------------------------------------------
Total 2 references                                      8.640896

****************************************
Design: MFA_21 
****************************************
Reference          Library       Unit Area   Count    Total Area   Attributes
-----------------------------------------------------------------------------
AND2X1_RVT         saed32rvt_tt1p05v25c     2.033152       1     2.033152
HADDX1_RVT         saed32rvt_tt1p05v25c     3.303872       2     6.607744 r
-----------------------------------------------------------------------------
Total 2 references                                      8.640896

****************************************
Design: MFA_22 
****************************************
Reference          Library       Unit Area   Count    Total Area   Attributes
-----------------------------------------------------------------------------
AND2X1_RVT         saed32rvt_tt1p05v25c     2.033152       1     2.033152
HADDX1_RVT         saed32rvt_tt1p05v25c     3.303872       2     6.607744 r
-----------------------------------------------------------------------------
Total 2 references                                      8.640896

****************************************
Design: MFA_23 
****************************************
Reference          Library       Unit Area   Count    Total Area   Attributes
-----------------------------------------------------------------------------
AND2X1_RVT         saed32rvt_tt1p05v25c     2.033152       1     2.033152
HADDX1_RVT         saed32rvt_tt1p05v25c     3.303872       2     6.607744 r
-----------------------------------------------------------------------------
Total 2 references                                      8.640896

****************************************
Design: MFA_24 
****************************************
Reference          Library       Unit Area   Count    Total Area   Attributes
-----------------------------------------------------------------------------
AND2X1_RVT         saed32rvt_tt1p05v25c     2.033152       1     2.033152
HADDX1_RVT         saed32rvt_tt1p05v25c     3.303872       2     6.607744 r
-----------------------------------------------------------------------------
Total 2 references                                      8.640896

****************************************
Design: MFA_25 
****************************************
Reference          Library       Unit Area   Count    Total Area   Attributes
-----------------------------------------------------------------------------
AND2X1_RVT         saed32rvt_tt1p05v25c     2.033152       1     2.033152
HADDX1_RVT         saed32rvt_tt1p05v25c     3.303872       2     6.607744 r
-----------------------------------------------------------------------------
Total 2 references                                      8.640896

****************************************
Design: MFA_26 
****************************************
Reference          Library       Unit Area   Count    Total Area   Attributes
-----------------------------------------------------------------------------
AND2X1_RVT         saed32rvt_tt1p05v25c     2.033152       1     2.033152
HADDX1_RVT         saed32rvt_tt1p05v25c     3.303872       2     6.607744 r
-----------------------------------------------------------------------------
Total 2 references                                      8.640896

****************************************
Design: MFA_27 
****************************************
Reference          Library       Unit Area   Count    Total Area   Attributes
-----------------------------------------------------------------------------
AND2X1_RVT         saed32rvt_tt1p05v25c     2.033152       1     2.033152
HADDX1_RVT         saed32rvt_tt1p05v25c     3.303872       2     6.607744 r
-----------------------------------------------------------------------------
Total 2 references                                      8.640896

****************************************
Design: MFA_28 
****************************************
Reference          Library       Unit Area   Count    Total Area   Attributes
-----------------------------------------------------------------------------
AND2X1_RVT         saed32rvt_tt1p05v25c     2.033152       1     2.033152
HADDX1_RVT         saed32rvt_tt1p05v25c     3.303872       2     6.607744 r
-----------------------------------------------------------------------------
Total 2 references                                      8.640896

****************************************
Design: MFA_29 
****************************************
Reference          Library       Unit Area   Count    Total Area   Attributes
-----------------------------------------------------------------------------
AND2X1_RVT         saed32rvt_tt1p05v25c     2.033152       1     2.033152
HADDX1_RVT         saed32rvt_tt1p05v25c     3.303872       2     6.607744 r
-----------------------------------------------------------------------------
Total 2 references                                      8.640896

****************************************
Design: MFA_30 
****************************************
Reference          Library       Unit Area   Count    Total Area   Attributes
-----------------------------------------------------------------------------
AND2X1_RVT         saed32rvt_tt1p05v25c     2.033152       1     2.033152
HADDX1_RVT         saed32rvt_tt1p05v25c     3.303872       2     6.607744 r
-----------------------------------------------------------------------------
Total 2 references                                      8.640896

****************************************
Design: MFA_31 
****************************************
Reference          Library       Unit Area   Count    Total Area   Attributes
-----------------------------------------------------------------------------
AND2X1_RVT         saed32rvt_tt1p05v25c     2.033152       1     2.033152
HADDX1_RVT         saed32rvt_tt1p05v25c     3.303872       2     6.607744 r
-----------------------------------------------------------------------------
Total 2 references                                      8.640896

****************************************
Design: MFA_32 
****************************************
Reference          Library       Unit Area   Count    Total Area   Attributes
-----------------------------------------------------------------------------
AND2X1_RVT         saed32rvt_tt1p05v25c     2.033152       1     2.033152
HADDX1_RVT         saed32rvt_tt1p05v25c     3.303872       2     6.607744 r
-----------------------------------------------------------------------------
Total 2 references                                      8.640896

****************************************
Design: MFA_33 
****************************************
Reference          Library       Unit Area   Count    Total Area   Attributes
-----------------------------------------------------------------------------
AND2X1_RVT         saed32rvt_tt1p05v25c     2.033152       1     2.033152
HADDX1_RVT         saed32rvt_tt1p05v25c     3.303872       2     6.607744 r
-----------------------------------------------------------------------------
Total 2 references                                      8.640896

****************************************
Design: MFA_34 
****************************************
Reference          Library       Unit Area   Count    Total Area   Attributes
-----------------------------------------------------------------------------
AND2X1_RVT         saed32rvt_tt1p05v25c     2.033152       1     2.033152
HADDX1_RVT         saed32rvt_tt1p05v25c     3.303872       2     6.607744 r
-----------------------------------------------------------------------------
Total 2 references                                      8.640896

****************************************
Design: MFA_35 
****************************************
Reference          Library       Unit Area   Count    Total Area   Attributes
-----------------------------------------------------------------------------
AND2X1_RVT         saed32rvt_tt1p05v25c     2.033152       1     2.033152
HADDX1_RVT         saed32rvt_tt1p05v25c     3.303872       2     6.607744 r
-----------------------------------------------------------------------------
Total 2 references                                      8.640896

****************************************
Design: MFA_36 
****************************************
Reference          Library       Unit Area   Count    Total Area   Attributes
-----------------------------------------------------------------------------
AND2X1_RVT         saed32rvt_tt1p05v25c     2.033152       1     2.033152
HADDX1_RVT         saed32rvt_tt1p05v25c     3.303872       2     6.607744 r
-----------------------------------------------------------------------------
Total 2 references                                      8.640896

****************************************
Design: MFA_37 
****************************************
Reference          Library       Unit Area   Count    Total Area   Attributes
-----------------------------------------------------------------------------
AND2X1_RVT         saed32rvt_tt1p05v25c     2.033152       1     2.033152
HADDX1_RVT         saed32rvt_tt1p05v25c     3.303872       2     6.607744 r
-----------------------------------------------------------------------------
Total 2 references                                      8.640896

****************************************
Design: MFA_38 
****************************************
Reference          Library       Unit Area   Count    Total Area   Attributes
-----------------------------------------------------------------------------
AND2X1_RVT         saed32rvt_tt1p05v25c     2.033152       1     2.033152
HADDX1_RVT         saed32rvt_tt1p05v25c     3.303872       2     6.607744 r
-----------------------------------------------------------------------------
Total 2 references                                      8.640896

****************************************
Design: MFA_39 
****************************************
Reference          Library       Unit Area   Count    Total Area   Attributes
-----------------------------------------------------------------------------
AND2X1_RVT         saed32rvt_tt1p05v25c     2.033152       1     2.033152
HADDX1_RVT         saed32rvt_tt1p05v25c     3.303872       2     6.607744 r
-----------------------------------------------------------------------------
Total 2 references                                      8.640896

****************************************
Design: MFA_40 
****************************************
Reference          Library       Unit Area   Count    Total Area   Attributes
-----------------------------------------------------------------------------
AND2X1_RVT         saed32rvt_tt1p05v25c     2.033152       1     2.033152
HADDX1_RVT         saed32rvt_tt1p05v25c     3.303872       2     6.607744 r
-----------------------------------------------------------------------------
Total 2 references                                      8.640896

****************************************
Design: MFA_41 
****************************************
Reference          Library       Unit Area   Count    Total Area   Attributes
-----------------------------------------------------------------------------
AND2X1_RVT         saed32rvt_tt1p05v25c     2.033152       1     2.033152
HADDX1_RVT         saed32rvt_tt1p05v25c     3.303872       2     6.607744 r
-----------------------------------------------------------------------------
Total 2 references                                      8.640896

****************************************
Design: MFA_42 
****************************************
Reference          Library       Unit Area   Count    Total Area   Attributes
-----------------------------------------------------------------------------
AND2X1_RVT         saed32rvt_tt1p05v25c     2.033152       1     2.033152
HADDX1_RVT         saed32rvt_tt1p05v25c     3.303872       2     6.607744 r
-----------------------------------------------------------------------------
Total 2 references                                      8.640896

****************************************
Design: MFA_43 
****************************************
Reference          Library       Unit Area   Count    Total Area   Attributes
-----------------------------------------------------------------------------
AND2X1_RVT         saed32rvt_tt1p05v25c     2.033152       1     2.033152
HADDX1_RVT         saed32rvt_tt1p05v25c     3.303872       2     6.607744 r
-----------------------------------------------------------------------------
Total 2 references                                      8.640896

****************************************
Design: MFA_44 
****************************************
Reference          Library       Unit Area   Count    Total Area   Attributes
-----------------------------------------------------------------------------
AND2X1_RVT         saed32rvt_tt1p05v25c     2.033152       1     2.033152
HADDX1_RVT         saed32rvt_tt1p05v25c     3.303872       2     6.607744 r
-----------------------------------------------------------------------------
Total 2 references                                      8.640896

****************************************
Design: MFA_45 
****************************************
Reference          Library       Unit Area   Count    Total Area   Attributes
-----------------------------------------------------------------------------
AND2X1_RVT         saed32rvt_tt1p05v25c     2.033152       1     2.033152
HADDX1_RVT         saed32rvt_tt1p05v25c     3.303872       2     6.607744 r
-----------------------------------------------------------------------------
Total 2 references                                      8.640896

****************************************
Design: MFA_46 
****************************************
Reference          Library       Unit Area   Count    Total Area   Attributes
-----------------------------------------------------------------------------
AND2X1_RVT         saed32rvt_tt1p05v25c     2.033152       1     2.033152
HADDX1_RVT         saed32rvt_tt1p05v25c     3.303872       2     6.607744 r
-----------------------------------------------------------------------------
Total 2 references                                      8.640896

****************************************
Design: MFA_47 
****************************************
Reference          Library       Unit Area   Count    Total Area   Attributes
-----------------------------------------------------------------------------
AND2X1_RVT         saed32rvt_tt1p05v25c     2.033152       1     2.033152
HADDX1_RVT         saed32rvt_tt1p05v25c     3.303872       2     6.607744 r
-----------------------------------------------------------------------------
Total 2 references                                      8.640896

****************************************
Design: MFA_48 
****************************************
Reference          Library       Unit Area   Count    Total Area   Attributes
-----------------------------------------------------------------------------
AND2X1_RVT         saed32rvt_tt1p05v25c     2.033152       1     2.033152
HADDX1_RVT         saed32rvt_tt1p05v25c     3.303872       2     6.607744 r
-----------------------------------------------------------------------------
Total 2 references                                      8.640896

****************************************
Design: MFA_49 
****************************************
Reference          Library       Unit Area   Count    Total Area   Attributes
-----------------------------------------------------------------------------
AND2X1_RVT         saed32rvt_tt1p05v25c     2.033152       1     2.033152
HADDX1_RVT         saed32rvt_tt1p05v25c     3.303872       2     6.607744 r
-----------------------------------------------------------------------------
Total 2 references                                      8.640896

****************************************
Design: MFA_50 
****************************************
Reference          Library       Unit Area   Count    Total Area   Attributes
-----------------------------------------------------------------------------
AND2X1_RVT         saed32rvt_tt1p05v25c     2.033152       1     2.033152
HADDX1_RVT         saed32rvt_tt1p05v25c     3.303872       2     6.607744 r
-----------------------------------------------------------------------------
Total 2 references                                      8.640896

****************************************
Design: MFA_51 
****************************************
Reference          Library       Unit Area   Count    Total Area   Attributes
-----------------------------------------------------------------------------
AND2X1_RVT         saed32rvt_tt1p05v25c     2.033152       1     2.033152
HADDX1_RVT         saed32rvt_tt1p05v25c     3.303872       2     6.607744 r
-----------------------------------------------------------------------------
Total 2 references                                      8.640896

****************************************
Design: MFA_52 
****************************************
Reference          Library       Unit Area   Count    Total Area   Attributes
-----------------------------------------------------------------------------
AND2X1_RVT         saed32rvt_tt1p05v25c     2.033152       1     2.033152
HADDX1_RVT         saed32rvt_tt1p05v25c     3.303872       2     6.607744 r
-----------------------------------------------------------------------------
Total 2 references                                      8.640896

****************************************
Design: MFA_53 
****************************************
Reference          Library       Unit Area   Count    Total Area   Attributes
-----------------------------------------------------------------------------
AND2X1_RVT         saed32rvt_tt1p05v25c     2.033152       1     2.033152
HADDX1_RVT         saed32rvt_tt1p05v25c     3.303872       2     6.607744 r
-----------------------------------------------------------------------------
Total 2 references                                      8.640896

****************************************
Design: MFA_54 
****************************************
Reference          Library       Unit Area   Count    Total Area   Attributes
-----------------------------------------------------------------------------
AND2X1_RVT         saed32rvt_tt1p05v25c     2.033152       1     2.033152
HADDX1_RVT         saed32rvt_tt1p05v25c     3.303872       2     6.607744 r
-----------------------------------------------------------------------------
Total 2 references                                      8.640896

****************************************
Design: MFA_55 
****************************************
Reference          Library       Unit Area   Count    Total Area   Attributes
-----------------------------------------------------------------------------
AND2X1_RVT         saed32rvt_tt1p05v25c     2.033152       1     2.033152
HADDX1_RVT         saed32rvt_tt1p05v25c     3.303872       2     6.607744 r
-----------------------------------------------------------------------------
Total 2 references                                      8.640896

****************************************
Design: MFA_56 
****************************************
Reference          Library       Unit Area   Count    Total Area   Attributes
-----------------------------------------------------------------------------
AND2X1_RVT         saed32rvt_tt1p05v25c     2.033152       1     2.033152
HADDX1_RVT         saed32rvt_tt1p05v25c     3.303872       2     6.607744 r
-----------------------------------------------------------------------------
Total 2 references                                      8.640896

****************************************
Design: MFA_57 
****************************************
Reference          Library       Unit Area   Count    Total Area   Attributes
-----------------------------------------------------------------------------
AND2X1_RVT         saed32rvt_tt1p05v25c     2.033152       1     2.033152
HADDX1_RVT         saed32rvt_tt1p05v25c     3.303872       2     6.607744 r
-----------------------------------------------------------------------------
Total 2 references                                      8.640896

****************************************
Design: MFA_58 
****************************************
Reference          Library       Unit Area   Count    Total Area   Attributes
-----------------------------------------------------------------------------
AND2X1_RVT         saed32rvt_tt1p05v25c     2.033152       1     2.033152
HADDX1_RVT         saed32rvt_tt1p05v25c     3.303872       2     6.607744 r
-----------------------------------------------------------------------------
Total 2 references                                      8.640896

****************************************
Design: MFA_59 
****************************************
Reference          Library       Unit Area   Count    Total Area   Attributes
-----------------------------------------------------------------------------
AND2X1_RVT         saed32rvt_tt1p05v25c     2.033152       1     2.033152
HADDX1_RVT         saed32rvt_tt1p05v25c     3.303872       2     6.607744 r
-----------------------------------------------------------------------------
Total 2 references                                      8.640896

****************************************
Design: MFA_60 
****************************************
Reference          Library       Unit Area   Count    Total Area   Attributes
-----------------------------------------------------------------------------
AND2X1_RVT         saed32rvt_tt1p05v25c     2.033152       1     2.033152
HADDX1_RVT         saed32rvt_tt1p05v25c     3.303872       2     6.607744 r
-----------------------------------------------------------------------------
Total 2 references                                      8.640896

****************************************
Design: MFA_61 
****************************************
Reference          Library       Unit Area   Count    Total Area   Attributes
-----------------------------------------------------------------------------
AND2X1_RVT         saed32rvt_tt1p05v25c     2.033152       1     2.033152
HADDX1_RVT         saed32rvt_tt1p05v25c     3.303872       2     6.607744 r
-----------------------------------------------------------------------------
Total 2 references                                      8.640896

****************************************
Design: MFA_62 
****************************************
Reference          Library       Unit Area   Count    Total Area   Attributes
-----------------------------------------------------------------------------
AND2X1_RVT         saed32rvt_tt1p05v25c     2.033152       1     2.033152
HADDX1_RVT         saed32rvt_tt1p05v25c     3.303872       2     6.607744 r
-----------------------------------------------------------------------------
Total 2 references                                      8.640896

****************************************
Design: MFA_63 
****************************************
Reference          Library       Unit Area   Count    Total Area   Attributes
-----------------------------------------------------------------------------
AND2X1_RVT         saed32rvt_tt1p05v25c     2.033152       1     2.033152
HADDX1_RVT         saed32rvt_tt1p05v25c     3.303872       2     6.607744 r
-----------------------------------------------------------------------------
Total 2 references                                      8.640896
1
