 
****************************************
Report : timing
        -path full
        -delay max
        -input_pins
        -max_paths 1
        -transition_time
        -capacitance
Design : vbw_adder_bsln
Version: K-2015.06-SP4
Date   : Fri Apr 21 16:54:56 2017
****************************************

Operating Conditions: tt1p05v25c   Library: saed32rvt_tt1p05v25c
Wire Load Model Mode: enclosed

  Startpoint: control[1] (input port)
  Endpoint: s[63] (output port)
  Path Group: (none)
  Path Type: max

  Des/Clust/Port     Wire Load Model       Library
  ------------------------------------------------
  vbw_adder_bsln     8000                  saed32rvt_tt1p05v25c
  adder_WIDTH64      8000                  saed32rvt_tt1p05v25c

  Point                           Cap     Trans      Incr       Path
  ---------------------------------------------------------------------
  input external delay                               0.00       0.00 f
  control[1] (in)                2.64      0.00      0.00       0.00 f
  U121/A (INVX2_RVT)                       0.00      0.04       0.04 f
  U121/Y (INVX2_RVT)            10.24      0.03      0.02       0.06 r
  U125/A2 (AND2X1_RVT)                     0.03      0.04       0.10 r
  U125/Y (AND2X1_RVT)            9.36      0.06      0.06       0.16 r
  U126/A (NBUFFX2_RVT)                     0.06      0.03       0.19 r
  U126/Y (NBUFFX2_RVT)          12.60      0.04      0.05       0.25 r
  U295/A1 (AND2X1_RVT)                     0.04      0.05       0.29 r
  U295/Y (AND2X1_RVT)            1.98      0.02      0.04       0.33 r
  add64/ci (adder_WIDTH64)                           0.00       0.33 r
  add64/U64/A (FADDX1_RVT)                 0.02      0.04       0.37 r
  add64/U64/CO (FADDX1_RVT)      1.48      0.03      0.06       0.43 r
  add64/U63/CI (FADDX1_RVT)                0.03      0.03       0.46 r
  add64/U63/CO (FADDX1_RVT)      1.48      0.03      0.06       0.52 r
  add64/U62/CI (FADDX1_RVT)                0.03      0.03       0.55 r
  add64/U62/CO (FADDX1_RVT)      1.48      0.03      0.06       0.61 r
  add64/U61/CI (FADDX1_RVT)                0.03      0.03       0.64 r
  add64/U61/CO (FADDX1_RVT)      1.48      0.03      0.06       0.70 r
  add64/U60/CI (FADDX1_RVT)                0.03      0.03       0.73 r
  add64/U60/CO (FADDX1_RVT)      1.48      0.03      0.06       0.78 r
  add64/U59/CI (FADDX1_RVT)                0.03      0.03       0.82 r
  add64/U59/CO (FADDX1_RVT)      1.48      0.03      0.06       0.87 r
  add64/U58/CI (FADDX1_RVT)                0.03      0.03       0.90 r
  add64/U58/CO (FADDX1_RVT)      1.48      0.03      0.06       0.96 r
  add64/U57/CI (FADDX1_RVT)                0.03      0.03       0.99 r
  add64/U57/CO (FADDX1_RVT)      1.48      0.03      0.06       1.05 r
  add64/U56/CI (FADDX1_RVT)                0.03      0.03       1.08 r
  add64/U56/CO (FADDX1_RVT)      1.48      0.03      0.06       1.13 r
  add64/U55/CI (FADDX1_RVT)                0.03      0.03       1.17 r
  add64/U55/CO (FADDX1_RVT)      1.48      0.03      0.06       1.22 r
  add64/U54/CI (FADDX1_RVT)                0.03      0.03       1.25 r
  add64/U54/CO (FADDX1_RVT)      1.48      0.03      0.06       1.31 r
  add64/U53/CI (FADDX1_RVT)                0.03      0.03       1.34 r
  add64/U53/CO (FADDX1_RVT)      1.48      0.03      0.06       1.40 r
  add64/U52/CI (FADDX1_RVT)                0.03      0.03       1.43 r
  add64/U52/CO (FADDX1_RVT)      1.48      0.03      0.06       1.48 r
  add64/U51/CI (FADDX1_RVT)                0.03      0.03       1.52 r
  add64/U51/CO (FADDX1_RVT)      1.48      0.03      0.06       1.57 r
  add64/U50/CI (FADDX1_RVT)                0.03      0.03       1.60 r
  add64/U50/CO (FADDX1_RVT)      1.48      0.03      0.06       1.66 r
  add64/U49/CI (FADDX1_RVT)                0.03      0.03       1.69 r
  add64/U49/CO (FADDX1_RVT)      1.48      0.03      0.06       1.75 r
  add64/U48/CI (FADDX1_RVT)                0.03      0.03       1.78 r
  add64/U48/CO (FADDX1_RVT)      1.48      0.03      0.06       1.83 r
  add64/U47/CI (FADDX1_RVT)                0.03      0.03       1.87 r
  add64/U47/CO (FADDX1_RVT)      1.48      0.03      0.06       1.92 r
  add64/U46/CI (FADDX1_RVT)                0.03      0.03       1.96 r
  add64/U46/CO (FADDX1_RVT)      1.48      0.03      0.06       2.01 r
  add64/U45/CI (FADDX1_RVT)                0.03      0.03       2.04 r
  add64/U45/CO (FADDX1_RVT)      1.48      0.03      0.06       2.10 r
  add64/U44/CI (FADDX1_RVT)                0.03      0.03       2.13 r
  add64/U44/CO (FADDX1_RVT)      1.48      0.03      0.06       2.19 r
  add64/U43/CI (FADDX1_RVT)                0.03      0.03       2.22 r
  add64/U43/CO (FADDX1_RVT)      1.48      0.03      0.06       2.27 r
  add64/U42/CI (FADDX1_RVT)                0.03      0.03       2.31 r
  add64/U42/CO (FADDX1_RVT)      1.48      0.03      0.06       2.36 r
  add64/U41/CI (FADDX1_RVT)                0.03      0.03       2.39 r
  add64/U41/CO (FADDX1_RVT)      1.48      0.03      0.06       2.45 r
  add64/U40/CI (FADDX1_RVT)                0.03      0.03       2.48 r
  add64/U40/CO (FADDX1_RVT)      1.48      0.03      0.06       2.54 r
  add64/U39/CI (FADDX1_RVT)                0.03      0.03       2.57 r
  add64/U39/CO (FADDX1_RVT)      1.48      0.03      0.06       2.62 r
  add64/U38/CI (FADDX1_RVT)                0.03      0.03       2.66 r
  add64/U38/CO (FADDX1_RVT)      1.48      0.03      0.06       2.71 r
  add64/U37/CI (FADDX1_RVT)                0.03      0.03       2.74 r
  add64/U37/CO (FADDX1_RVT)      1.48      0.03      0.06       2.80 r
  add64/U36/CI (FADDX1_RVT)                0.03      0.03       2.83 r
  add64/U36/CO (FADDX1_RVT)      1.48      0.03      0.06       2.89 r
  add64/U35/CI (FADDX1_RVT)                0.03      0.03       2.92 r
  add64/U35/CO (FADDX1_RVT)      1.48      0.03      0.06       2.97 r
  add64/U34/CI (FADDX1_RVT)                0.03      0.03       3.01 r
  add64/U34/CO (FADDX1_RVT)      1.48      0.03      0.06       3.06 r
  add64/U33/CI (FADDX1_RVT)                0.03      0.03       3.09 r
  add64/U33/CO (FADDX1_RVT)      1.48      0.03      0.06       3.15 r
  add64/U32/CI (FADDX1_RVT)                0.03      0.03       3.18 r
  add64/U32/CO (FADDX1_RVT)      1.48      0.03      0.06       3.24 r
  add64/U31/CI (FADDX1_RVT)                0.03      0.03       3.27 r
  add64/U31/CO (FADDX1_RVT)      1.48      0.03      0.06       3.33 r
  add64/U30/CI (FADDX1_RVT)                0.03      0.03       3.36 r
  add64/U30/CO (FADDX1_RVT)      1.48      0.03      0.06       3.41 r
  add64/U29/CI (FADDX1_RVT)                0.03      0.03       3.45 r
  add64/U29/CO (FADDX1_RVT)      1.48      0.03      0.06       3.50 r
  add64/U28/CI (FADDX1_RVT)                0.03      0.03       3.53 r
  add64/U28/CO (FADDX1_RVT)      1.48      0.03      0.06       3.59 r
  add64/U27/CI (FADDX1_RVT)                0.03      0.03       3.62 r
  add64/U27/CO (FADDX1_RVT)      1.48      0.03      0.06       3.68 r
  add64/U26/CI (FADDX1_RVT)                0.03      0.03       3.71 r
  add64/U26/CO (FADDX1_RVT)      1.48      0.03      0.06       3.76 r
  add64/U25/CI (FADDX1_RVT)                0.03      0.03       3.80 r
  add64/U25/CO (FADDX1_RVT)      1.48      0.03      0.06       3.85 r
  add64/U24/CI (FADDX1_RVT)                0.03      0.03       3.88 r
  add64/U24/CO (FADDX1_RVT)      1.48      0.03      0.06       3.94 r
  add64/U23/CI (FADDX1_RVT)                0.03      0.03       3.97 r
  add64/U23/CO (FADDX1_RVT)      1.48      0.03      0.06       4.03 r
  add64/U22/CI (FADDX1_RVT)                0.03      0.03       4.06 r
  add64/U22/CO (FADDX1_RVT)      1.48      0.03      0.06       4.11 r
  add64/U21/CI (FADDX1_RVT)                0.03      0.03       4.15 r
  add64/U21/CO (FADDX1_RVT)      1.48      0.03      0.06       4.20 r
  add64/U20/CI (FADDX1_RVT)                0.03      0.03       4.23 r
  add64/U20/CO (FADDX1_RVT)      1.48      0.03      0.06       4.29 r
  add64/U19/CI (FADDX1_RVT)                0.03      0.03       4.32 r
  add64/U19/CO (FADDX1_RVT)      1.48      0.03      0.06       4.38 r
  add64/U18/CI (FADDX1_RVT)                0.03      0.03       4.41 r
  add64/U18/CO (FADDX1_RVT)      1.48      0.03      0.06       4.46 r
  add64/U17/CI (FADDX1_RVT)                0.03      0.03       4.50 r
  add64/U17/CO (FADDX1_RVT)      1.48      0.03      0.06       4.55 r
  add64/U16/CI (FADDX1_RVT)                0.03      0.03       4.58 r
  add64/U16/CO (FADDX1_RVT)      1.48      0.03      0.06       4.64 r
  add64/U15/CI (FADDX1_RVT)                0.03      0.03       4.67 r
  add64/U15/CO (FADDX1_RVT)      1.48      0.03      0.06       4.73 r
  add64/U14/CI (FADDX1_RVT)                0.03      0.03       4.76 r
  add64/U14/CO (FADDX1_RVT)      1.48      0.03      0.06       4.82 r
  add64/U13/CI (FADDX1_RVT)                0.03      0.03       4.85 r
  add64/U13/CO (FADDX1_RVT)      1.48      0.03      0.06       4.90 r
  add64/U12/CI (FADDX1_RVT)                0.03      0.03       4.94 r
  add64/U12/CO (FADDX1_RVT)      1.48      0.03      0.06       4.99 r
  add64/U11/CI (FADDX1_RVT)                0.03      0.03       5.02 r
  add64/U11/CO (FADDX1_RVT)      1.48      0.03      0.06       5.08 r
  add64/U10/CI (FADDX1_RVT)                0.03      0.03       5.11 r
  add64/U10/CO (FADDX1_RVT)      1.48      0.03      0.06       5.17 r
  add64/U9/CI (FADDX1_RVT)                 0.03      0.03       5.20 r
  add64/U9/CO (FADDX1_RVT)       1.48      0.03      0.06       5.25 r
  add64/U8/CI (FADDX1_RVT)                 0.03      0.03       5.29 r
  add64/U8/CO (FADDX1_RVT)       1.48      0.03      0.06       5.34 r
  add64/U7/CI (FADDX1_RVT)                 0.03      0.03       5.37 r
  add64/U7/CO (FADDX1_RVT)       1.48      0.03      0.06       5.43 r
  add64/U6/CI (FADDX1_RVT)                 0.03      0.03       5.46 r
  add64/U6/CO (FADDX1_RVT)       1.48      0.03      0.06       5.52 r
  add64/U5/CI (FADDX1_RVT)                 0.03      0.03       5.55 r
  add64/U5/CO (FADDX1_RVT)       1.48      0.03      0.06       5.60 r
  add64/U4/CI (FADDX1_RVT)                 0.03      0.03       5.64 r
  add64/U4/CO (FADDX1_RVT)       1.48      0.03      0.06       5.69 r
  add64/U3/CI (FADDX1_RVT)                 0.03      0.03       5.72 r
  add64/U3/CO (FADDX1_RVT)       1.48      0.03      0.06       5.78 r
  add64/U2/CI (FADDX1_RVT)                 0.03      0.03       5.81 r
  add64/U2/CO (FADDX1_RVT)       1.48      0.03      0.06       5.87 r
  add64/U1/CI (FADDX1_RVT)                 0.03      0.03       5.90 r
  add64/U1/S (FADDX1_RVT)        0.55      0.02      0.08       5.98 f
  add64/s[63] (adder_WIDTH64)                        0.00       5.98 f
  U284/A2 (AND2X1_RVT)                     0.02      0.01       5.99 f
  U284/Y (AND2X1_RVT)            0.65      0.02      0.03       6.02 f
  U285/A4 (OR4X1_RVT)                      0.02      0.01       6.04 f
  U285/Y (OR4X1_RVT)             0.00      0.01      0.06       6.09 f
  s[63] (out)                              0.01      0.00       6.09 f
  data arrival time                                             6.09
  ---------------------------------------------------------------------
  (Path is unconstrained)


1
