 
****************************************
Report : resources
Design : vbw_cla_kill
Version: K-2015.06-SP4
Date   : Wed Apr 26 19:43:40 2017
****************************************


No implementations to report

No resource sharing information to report.
 
****************************************
Design : MFA_1
****************************************

No implementations to report

No resource sharing information to report.
 
****************************************
Design : MFA_2
****************************************

No implementations to report

No resource sharing information to report.
 
****************************************
Design : MFA_3
****************************************

No implementations to report

No resource sharing information to report.
 
****************************************
Design : MFA_4
****************************************

No implementations to report

No resource sharing information to report.
 
****************************************
Design : MFA_5
****************************************

No implementations to report

No resource sharing information to report.
 
****************************************
Design : MFA_6
****************************************

No implementations to report

No resource sharing information to report.
 
****************************************
Design : MFA_7
****************************************

No implementations to report

No resource sharing information to report.
 
****************************************
Design : MFA_8
****************************************

No implementations to report

No resource sharing information to report.
 
****************************************
Design : MFA_9
****************************************

No implementations to report

No resource sharing information to report.
 
****************************************
Design : MFA_10
****************************************

No implementations to report

No resource sharing information to report.
 
****************************************
Design : MFA_11
****************************************

No implementations to report

No resource sharing information to report.
 
****************************************
Design : MFA_12
****************************************

No implementations to report

No resource sharing information to report.
 
****************************************
Design : MFA_13
****************************************

No implementations to report

No resource sharing information to report.
 
****************************************
Design : MFA_14
****************************************

No implementations to report

No resource sharing information to report.
 
****************************************
Design : MFA_15
****************************************

No implementations to report

No resource sharing information to report.
 
****************************************
Design : MFA_16
****************************************

No implementations to report

No resource sharing information to report.
 
****************************************
Design : MFA_17
****************************************

No implementations to report

No resource sharing information to report.
 
****************************************
Design : MFA_18
****************************************

No implementations to report

No resource sharing information to report.
 
****************************************
Design : MFA_19
****************************************

No implementations to report

No resource sharing information to report.
 
****************************************
Design : MFA_20
****************************************

No implementations to report

No resource sharing information to report.
 
****************************************
Design : MFA_21
****************************************

No implementations to report

No resource sharing information to report.
 
****************************************
Design : MFA_22
****************************************

No implementations to report

No resource sharing information to report.
 
****************************************
Design : MFA_23
****************************************

No implementations to report

No resource sharing information to report.
 
****************************************
Design : MFA_24
****************************************

No implementations to report

No resource sharing information to report.
 
****************************************
Design : MFA_25
****************************************

No implementations to report

No resource sharing information to report.
 
****************************************
Design : MFA_26
****************************************

No implementations to report

No resource sharing information to report.
 
****************************************
Design : MFA_27
****************************************

No implementations to report

No resource sharing information to report.
 
****************************************
Design : MFA_28
****************************************

No implementations to report

No resource sharing information to report.
 
****************************************
Design : MFA_29
****************************************

No implementations to report

No resource sharing information to report.
 
****************************************
Design : MFA_30
****************************************

No implementations to report

No resource sharing information to report.
 
****************************************
Design : MFA_31
****************************************

No implementations to report

No resource sharing information to report.
 
****************************************
Design : MFA_32
****************************************

No implementations to report

No resource sharing information to report.
 
****************************************
Design : MFA_33
****************************************

No implementations to report

No resource sharing information to report.
 
****************************************
Design : MFA_34
****************************************

No implementations to report

No resource sharing information to report.
 
****************************************
Design : MFA_35
****************************************

No implementations to report

No resource sharing information to report.
 
****************************************
Design : MFA_36
****************************************

No implementations to report

No resource sharing information to report.
 
****************************************
Design : MFA_37
****************************************

No implementations to report

No resource sharing information to report.
 
****************************************
Design : MFA_38
****************************************

No implementations to report

No resource sharing information to report.
 
****************************************
Design : MFA_39
****************************************

No implementations to report

No resource sharing information to report.
 
****************************************
Design : MFA_40
****************************************

No implementations to report

No resource sharing information to report.
 
****************************************
Design : MFA_41
****************************************

No implementations to report

No resource sharing information to report.
 
****************************************
Design : MFA_42
****************************************

No implementations to report

No resource sharing information to report.
 
****************************************
Design : MFA_43
****************************************

No implementations to report

No resource sharing information to report.
 
****************************************
Design : MFA_44
****************************************

No implementations to report

No resource sharing information to report.
 
****************************************
Design : MFA_45
****************************************

No implementations to report

No resource sharing information to report.
 
****************************************
Design : MFA_46
****************************************

No implementations to report

No resource sharing information to report.
 
****************************************
Design : MFA_47
****************************************

No implementations to report

No resource sharing information to report.
 
****************************************
Design : MFA_48
****************************************

No implementations to report

No resource sharing information to report.
 
****************************************
Design : MFA_49
****************************************

No implementations to report

No resource sharing information to report.
 
****************************************
Design : MFA_50
****************************************

No implementations to report

No resource sharing information to report.
 
****************************************
Design : MFA_51
****************************************

No implementations to report

No resource sharing information to report.
 
****************************************
Design : MFA_52
****************************************

No implementations to report

No resource sharing information to report.
 
****************************************
Design : MFA_53
****************************************

No implementations to report

No resource sharing information to report.
 
****************************************
Design : MFA_54
****************************************

No implementations to report

No resource sharing information to report.
 
****************************************
Design : MFA_55
****************************************

No implementations to report

No resource sharing information to report.
 
****************************************
Design : MFA_56
****************************************

No implementations to report

No resource sharing information to report.
 
****************************************
Design : MFA_57
****************************************

No implementations to report

No resource sharing information to report.
 
****************************************
Design : MFA_58
****************************************

No implementations to report

No resource sharing information to report.
 
****************************************
Design : MFA_59
****************************************

No implementations to report

No resource sharing information to report.
 
****************************************
Design : MFA_60
****************************************

No implementations to report

No resource sharing information to report.
 
****************************************
Design : MFA_61
****************************************

No implementations to report

No resource sharing information to report.
 
****************************************
Design : MFA_62
****************************************

No implementations to report

No resource sharing information to report.
 
****************************************
Design : MFA_63
****************************************

No implementations to report

No resource sharing information to report.
 
****************************************
Design : LA4_5
****************************************

No implementations to report

No resource sharing information to report.
 
****************************************
Design : LA4_6
****************************************

No implementations to report

No resource sharing information to report.
 
****************************************
Design : LA4_7
****************************************

No implementations to report

No resource sharing information to report.
 
****************************************
Design : LA4_8
****************************************

No implementations to report

No resource sharing information to report.
 
****************************************
Design : LA4_9
****************************************

No implementations to report

No resource sharing information to report.
 
****************************************
Design : LA4_10
****************************************

No implementations to report

No resource sharing information to report.
 
****************************************
Design : LA4_11
****************************************

No implementations to report

No resource sharing information to report.
 
****************************************
Design : LA4_12
****************************************

No implementations to report

No resource sharing information to report.
 
****************************************
Design : LA4_13
****************************************

No implementations to report

No resource sharing information to report.
 
****************************************
Design : LA4_14
****************************************

No implementations to report

No resource sharing information to report.
 
****************************************
Design : LA4_15
****************************************

No implementations to report

No resource sharing information to report.
 
****************************************
Design : LA4_16
****************************************

No implementations to report

No resource sharing information to report.
 
****************************************
Design : LA4_17
****************************************

No implementations to report

No resource sharing information to report.
 
****************************************
Design : LA4_18
****************************************

No implementations to report

No resource sharing information to report.
 
****************************************
Design : LA4_19
****************************************

No implementations to report

No resource sharing information to report.
 
****************************************
Design : LA4_0
****************************************

No implementations to report

No resource sharing information to report.
 
****************************************
Design : LA4_1
****************************************

No implementations to report

No resource sharing information to report.
 
****************************************
Design : LA4_2
****************************************

No implementations to report

No resource sharing information to report.
 
****************************************
Design : LA4_3
****************************************

No implementations to report

No resource sharing information to report.
 
****************************************
Design : LA4_20
****************************************

No implementations to report

No resource sharing information to report.
 
****************************************
Design : LA4_4
****************************************

No implementations to report

No resource sharing information to report.
 
****************************************
Design : MFA_0
****************************************

No implementations to report
1
