Information: Updating design information... (UID-85)
 
****************************************
Report : qor
Design : vbw_adder_nci
Version: K-2015.06-SP4
Date   : Wed Apr 26 19:40:50 2017
****************************************


  Timing Path Group (none)
  -----------------------------------
  Levels of Logic:             131.00
  Critical Path Length:          6.67
  Critical Path Slack:         uninit
  Critical Path Clk Period:       n/a
  Total Negative Slack:          0.00
  No. of Violating Paths:        0.00
  Worst Hold Violation:          0.00
  Total Hold Violation:          0.00
  No. of Hold Violations:        0.00
  -----------------------------------


  Cell Count
  -----------------------------------
  Hierarchical Cell Count:         24
  Hierarchical Port Count:        448
  Leaf Cell Count:                485
  Buf/Inv Cell Count:              17
  Buf Cell Count:                   0
  Inv Cell Count:                  17
  CT Buf/Inv Cell Count:            0
  Combinational Cell Count:       485
  Sequential Cell Count:            0
  Macro Count:                      0
  -----------------------------------


  Area
  -----------------------------------
  Combinational Area:          871.46
  Noncombinational Area:         0.00
  Buf/Inv Area:                 21.60
  Total Buffer Area:             0.00
  Total Inverter Area:          21.60
  Macro/Black Box Area:          0.00
  Net Area:                    118.14
  -----------------------------------
  Cell Area:                   871.46
  Design Area:                 989.60


  Design Rules
  -----------------------------------
  Total Number of Nets:           616
  Nets With Violations:             0
  Max Trans Violations:             0
  Max Cap Violations:               0
  -----------------------------------


  Hostname: wario

  Compile CPU Statistics
  -----------------------------------------
  Resource Sharing:                    0.06
  Logic Optimization:                  0.06
  Mapping Optimization:                0.46
  -----------------------------------------
  Overall Compile Time:                3.73
  Overall Compile Wall Clock Time:     4.83

  --------------------------------------------------------------------

  Design  WNS: 0.00  TNS: 0.00  Number of Violating Paths: 0


  Design (Hold)  WNS: 0.00  TNS: 0.00  Number of Violating Paths: 0

  --------------------------------------------------------------------


1
