Information: Propagating switching activity (low effort zero delay simulation). (PWR-6)
Warning: There is no defined clock in the design. (PWR-80)
Warning: Design has unannotated primary inputs. (PWR-414)
 
****************************************
Report : power
        -hier
        -analysis_effort low
Design : vbw_cla_bsln
Version: K-2015.06-SP4
Date   : Sun Apr 23 19:50:34 2017
****************************************


Library(s) Used:

    saed32rvt_tt1p05v25c (File: /usr/local/packages/synopsys_2015/SAED32_EDK/lib/stdcell_rvt/db_nldm/saed32rvt_tt1p05v25c.db)


Operating Conditions: tt1p05v25c   Library: saed32rvt_tt1p05v25c
Wire Load Model Mode: enclosed

Design        Wire Load Model            Library
------------------------------------------------
vbw_cla_bsln           8000              saed32rvt_tt1p05v25c
cla_adder_WIDTH64      8000              saed32rvt_tt1p05v25c
cla_adder_WIDTH32      8000              saed32rvt_tt1p05v25c
cla_adder_WIDTH16_2    8000              saed32rvt_tt1p05v25c
cla_adder_WIDTH16_1    8000              saed32rvt_tt1p05v25c
cla_adder_WIDTH8_6     ForQA             saed32rvt_tt1p05v25c
cla_adder_WIDTH8_5     ForQA             saed32rvt_tt1p05v25c
MFA_56                 ForQA             saed32rvt_tt1p05v25c
LA4_20                 ForQA             saed32rvt_tt1p05v25c
MFA_24                 ForQA             saed32rvt_tt1p05v25c
MFA_55                 ForQA             saed32rvt_tt1p05v25c
LA4_8                  ForQA             saed32rvt_tt1p05v25c
LA4_15                 ForQA             saed32rvt_tt1p05v25c
LA4_66                 ForQA             saed32rvt_tt1p05v25c
LA4_65                 ForQA             saed32rvt_tt1p05v25c
LA4_61                 ForQA             saed32rvt_tt1p05v25c
cla_adder_WIDTH16_0    8000              saed32rvt_tt1p05v25c
cla_adder_WIDTH8_0     ForQA             saed32rvt_tt1p05v25c
cla_adder_WIDTH8_1     ForQA             saed32rvt_tt1p05v25c
cla_adder_WIDTH8_2     ForQA             saed32rvt_tt1p05v25c
cla_adder_WIDTH8_3     ForQA             saed32rvt_tt1p05v25c
cla_adder_WIDTH8_4     ForQA             saed32rvt_tt1p05v25c
LA4_58                 ForQA             saed32rvt_tt1p05v25c
LA4_57                 ForQA             saed32rvt_tt1p05v25c
LA4_63                 ForQA             saed32rvt_tt1p05v25c
LA4_62                 ForQA             saed32rvt_tt1p05v25c
LA4_4                  ForQA             saed32rvt_tt1p05v25c
LA4_3                  ForQA             saed32rvt_tt1p05v25c
LA4_14                 ForQA             saed32rvt_tt1p05v25c
LA4_13                 ForQA             saed32rvt_tt1p05v25c
LA4_12                 ForQA             saed32rvt_tt1p05v25c
LA4_11                 ForQA             saed32rvt_tt1p05v25c
LA4_10                 ForQA             saed32rvt_tt1p05v25c
LA4_9                  ForQA             saed32rvt_tt1p05v25c
LA4_67                 ForQA             saed32rvt_tt1p05v25c
LA4_19                 ForQA             saed32rvt_tt1p05v25c
LA4_18                 ForQA             saed32rvt_tt1p05v25c
LA4_17                 ForQA             saed32rvt_tt1p05v25c
LA4_16                 ForQA             saed32rvt_tt1p05v25c
LA4_35                 ForQA             saed32rvt_tt1p05v25c
LA4_34                 ForQA             saed32rvt_tt1p05v25c
LA4_33                 ForQA             saed32rvt_tt1p05v25c
LA4_32                 ForQA             saed32rvt_tt1p05v25c
LA4_31                 ForQA             saed32rvt_tt1p05v25c
LA4_30                 ForQA             saed32rvt_tt1p05v25c
LA4_29                 ForQA             saed32rvt_tt1p05v25c
LA4_28                 ForQA             saed32rvt_tt1p05v25c
LA4_27                 ForQA             saed32rvt_tt1p05v25c
LA4_26                 ForQA             saed32rvt_tt1p05v25c
LA4_25                 ForQA             saed32rvt_tt1p05v25c
LA4_24                 ForQA             saed32rvt_tt1p05v25c
LA4_23                 ForQA             saed32rvt_tt1p05v25c
LA4_22                 ForQA             saed32rvt_tt1p05v25c
LA4_21                 ForQA             saed32rvt_tt1p05v25c
LA4_37                 ForQA             saed32rvt_tt1p05v25c
LA4_40                 ForQA             saed32rvt_tt1p05v25c
LA4_43                 ForQA             saed32rvt_tt1p05v25c
LA4_46                 ForQA             saed32rvt_tt1p05v25c
LA4_49                 ForQA             saed32rvt_tt1p05v25c
LA4_52                 ForQA             saed32rvt_tt1p05v25c
LA4_56                 ForQA             saed32rvt_tt1p05v25c
LA4_0                  ForQA             saed32rvt_tt1p05v25c
LA4_2                  ForQA             saed32rvt_tt1p05v25c
LA4_6                  ForQA             saed32rvt_tt1p05v25c
LA4_38                 ForQA             saed32rvt_tt1p05v25c
LA4_41                 ForQA             saed32rvt_tt1p05v25c
LA4_44                 ForQA             saed32rvt_tt1p05v25c
LA4_47                 ForQA             saed32rvt_tt1p05v25c
LA4_50                 ForQA             saed32rvt_tt1p05v25c
LA4_53                 ForQA             saed32rvt_tt1p05v25c
LA4_1                  ForQA             saed32rvt_tt1p05v25c
LA4_59                 ForQA             saed32rvt_tt1p05v25c
LA4_64                 ForQA             saed32rvt_tt1p05v25c
LA4_5                  ForQA             saed32rvt_tt1p05v25c
LA4_7                  ForQA             saed32rvt_tt1p05v25c
LA4_55                 ForQA             saed32rvt_tt1p05v25c
LA4_60                 ForQA             saed32rvt_tt1p05v25c
MFA_126                ForQA             saed32rvt_tt1p05v25c
MFA_125                ForQA             saed32rvt_tt1p05v25c
MFA_124                ForQA             saed32rvt_tt1p05v25c
MFA_123                ForQA             saed32rvt_tt1p05v25c
MFA_122                ForQA             saed32rvt_tt1p05v25c
MFA_121                ForQA             saed32rvt_tt1p05v25c
MFA_134                ForQA             saed32rvt_tt1p05v25c
MFA_133                ForQA             saed32rvt_tt1p05v25c
MFA_132                ForQA             saed32rvt_tt1p05v25c
MFA_131                ForQA             saed32rvt_tt1p05v25c
MFA_130                ForQA             saed32rvt_tt1p05v25c
MFA_129                ForQA             saed32rvt_tt1p05v25c
MFA_142                ForQA             saed32rvt_tt1p05v25c
MFA_141                ForQA             saed32rvt_tt1p05v25c
MFA_140                ForQA             saed32rvt_tt1p05v25c
MFA_139                ForQA             saed32rvt_tt1p05v25c
MFA_138                ForQA             saed32rvt_tt1p05v25c
MFA_137                ForQA             saed32rvt_tt1p05v25c
MFA_150                ForQA             saed32rvt_tt1p05v25c
MFA_149                ForQA             saed32rvt_tt1p05v25c
MFA_148                ForQA             saed32rvt_tt1p05v25c
MFA_147                ForQA             saed32rvt_tt1p05v25c
MFA_146                ForQA             saed32rvt_tt1p05v25c
MFA_145                ForQA             saed32rvt_tt1p05v25c
MFA_158                ForQA             saed32rvt_tt1p05v25c
MFA_157                ForQA             saed32rvt_tt1p05v25c
MFA_156                ForQA             saed32rvt_tt1p05v25c
MFA_155                ForQA             saed32rvt_tt1p05v25c
MFA_154                ForQA             saed32rvt_tt1p05v25c
MFA_153                ForQA             saed32rvt_tt1p05v25c
MFA_166                ForQA             saed32rvt_tt1p05v25c
MFA_165                ForQA             saed32rvt_tt1p05v25c
MFA_164                ForQA             saed32rvt_tt1p05v25c
MFA_163                ForQA             saed32rvt_tt1p05v25c
MFA_162                ForQA             saed32rvt_tt1p05v25c
MFA_161                ForQA             saed32rvt_tt1p05v25c
MFA_6                  ForQA             saed32rvt_tt1p05v25c
MFA_5                  ForQA             saed32rvt_tt1p05v25c
MFA_4                  ForQA             saed32rvt_tt1p05v25c
MFA_3                  ForQA             saed32rvt_tt1p05v25c
MFA_2                  ForQA             saed32rvt_tt1p05v25c
MFA_1                  ForQA             saed32rvt_tt1p05v25c
MFA_182                ForQA             saed32rvt_tt1p05v25c
MFA_181                ForQA             saed32rvt_tt1p05v25c
MFA_180                ForQA             saed32rvt_tt1p05v25c
MFA_179                ForQA             saed32rvt_tt1p05v25c
MFA_178                ForQA             saed32rvt_tt1p05v25c
MFA_177                ForQA             saed32rvt_tt1p05v25c
MFA_176                ForQA             saed32rvt_tt1p05v25c
MFA_175                ForQA             saed32rvt_tt1p05v25c
MFA_174                ForQA             saed32rvt_tt1p05v25c
MFA_173                ForQA             saed32rvt_tt1p05v25c
MFA_172                ForQA             saed32rvt_tt1p05v25c
MFA_171                ForQA             saed32rvt_tt1p05v25c
MFA_170                ForQA             saed32rvt_tt1p05v25c
MFA_169                ForQA             saed32rvt_tt1p05v25c
MFA_198                ForQA             saed32rvt_tt1p05v25c
MFA_197                ForQA             saed32rvt_tt1p05v25c
MFA_196                ForQA             saed32rvt_tt1p05v25c
MFA_195                ForQA             saed32rvt_tt1p05v25c
MFA_194                ForQA             saed32rvt_tt1p05v25c
MFA_193                ForQA             saed32rvt_tt1p05v25c
MFA_192                ForQA             saed32rvt_tt1p05v25c
MFA_191                ForQA             saed32rvt_tt1p05v25c
MFA_190                ForQA             saed32rvt_tt1p05v25c
MFA_189                ForQA             saed32rvt_tt1p05v25c
MFA_188                ForQA             saed32rvt_tt1p05v25c
MFA_187                ForQA             saed32rvt_tt1p05v25c
MFA_186                ForQA             saed32rvt_tt1p05v25c
MFA_185                ForQA             saed32rvt_tt1p05v25c
MFA_22                 ForQA             saed32rvt_tt1p05v25c
MFA_21                 ForQA             saed32rvt_tt1p05v25c
MFA_20                 ForQA             saed32rvt_tt1p05v25c
MFA_19                 ForQA             saed32rvt_tt1p05v25c
MFA_18                 ForQA             saed32rvt_tt1p05v25c
MFA_17                 ForQA             saed32rvt_tt1p05v25c
MFA_16                 ForQA             saed32rvt_tt1p05v25c
MFA_15                 ForQA             saed32rvt_tt1p05v25c
MFA_14                 ForQA             saed32rvt_tt1p05v25c
MFA_13                 ForQA             saed32rvt_tt1p05v25c
MFA_12                 ForQA             saed32rvt_tt1p05v25c
MFA_11                 ForQA             saed32rvt_tt1p05v25c
MFA_10                 ForQA             saed32rvt_tt1p05v25c
MFA_9                  ForQA             saed32rvt_tt1p05v25c
MFA_54                 ForQA             saed32rvt_tt1p05v25c
MFA_53                 ForQA             saed32rvt_tt1p05v25c
MFA_52                 ForQA             saed32rvt_tt1p05v25c
MFA_51                 ForQA             saed32rvt_tt1p05v25c
MFA_50                 ForQA             saed32rvt_tt1p05v25c
MFA_49                 ForQA             saed32rvt_tt1p05v25c
MFA_48                 ForQA             saed32rvt_tt1p05v25c
MFA_47                 ForQA             saed32rvt_tt1p05v25c
MFA_46                 ForQA             saed32rvt_tt1p05v25c
MFA_45                 ForQA             saed32rvt_tt1p05v25c
MFA_44                 ForQA             saed32rvt_tt1p05v25c
MFA_43                 ForQA             saed32rvt_tt1p05v25c
MFA_42                 ForQA             saed32rvt_tt1p05v25c
MFA_41                 ForQA             saed32rvt_tt1p05v25c
MFA_40                 ForQA             saed32rvt_tt1p05v25c
MFA_39                 ForQA             saed32rvt_tt1p05v25c
MFA_38                 ForQA             saed32rvt_tt1p05v25c
MFA_37                 ForQA             saed32rvt_tt1p05v25c
MFA_36                 ForQA             saed32rvt_tt1p05v25c
MFA_35                 ForQA             saed32rvt_tt1p05v25c
MFA_34                 ForQA             saed32rvt_tt1p05v25c
MFA_33                 ForQA             saed32rvt_tt1p05v25c
MFA_32                 ForQA             saed32rvt_tt1p05v25c
MFA_31                 ForQA             saed32rvt_tt1p05v25c
MFA_30                 ForQA             saed32rvt_tt1p05v25c
MFA_29                 ForQA             saed32rvt_tt1p05v25c
MFA_28                 ForQA             saed32rvt_tt1p05v25c
MFA_27                 ForQA             saed32rvt_tt1p05v25c
MFA_26                 ForQA             saed32rvt_tt1p05v25c
MFA_25                 ForQA             saed32rvt_tt1p05v25c
MFA_119                ForQA             saed32rvt_tt1p05v25c
MFA_118                ForQA             saed32rvt_tt1p05v25c
MFA_117                ForQA             saed32rvt_tt1p05v25c
MFA_116                ForQA             saed32rvt_tt1p05v25c
MFA_115                ForQA             saed32rvt_tt1p05v25c
MFA_114                ForQA             saed32rvt_tt1p05v25c
MFA_113                ForQA             saed32rvt_tt1p05v25c
MFA_112                ForQA             saed32rvt_tt1p05v25c
MFA_111                ForQA             saed32rvt_tt1p05v25c
MFA_110                ForQA             saed32rvt_tt1p05v25c
MFA_109                ForQA             saed32rvt_tt1p05v25c
MFA_108                ForQA             saed32rvt_tt1p05v25c
MFA_107                ForQA             saed32rvt_tt1p05v25c
MFA_106                ForQA             saed32rvt_tt1p05v25c
MFA_105                ForQA             saed32rvt_tt1p05v25c
MFA_104                ForQA             saed32rvt_tt1p05v25c
MFA_103                ForQA             saed32rvt_tt1p05v25c
MFA_102                ForQA             saed32rvt_tt1p05v25c
MFA_101                ForQA             saed32rvt_tt1p05v25c
MFA_100                ForQA             saed32rvt_tt1p05v25c
MFA_99                 ForQA             saed32rvt_tt1p05v25c
MFA_98                 ForQA             saed32rvt_tt1p05v25c
MFA_97                 ForQA             saed32rvt_tt1p05v25c
MFA_96                 ForQA             saed32rvt_tt1p05v25c
MFA_95                 ForQA             saed32rvt_tt1p05v25c
MFA_94                 ForQA             saed32rvt_tt1p05v25c
MFA_93                 ForQA             saed32rvt_tt1p05v25c
MFA_92                 ForQA             saed32rvt_tt1p05v25c
MFA_91                 ForQA             saed32rvt_tt1p05v25c
MFA_90                 ForQA             saed32rvt_tt1p05v25c
MFA_89                 ForQA             saed32rvt_tt1p05v25c
MFA_88                 ForQA             saed32rvt_tt1p05v25c
MFA_87                 ForQA             saed32rvt_tt1p05v25c
MFA_86                 ForQA             saed32rvt_tt1p05v25c
MFA_85                 ForQA             saed32rvt_tt1p05v25c
MFA_84                 ForQA             saed32rvt_tt1p05v25c
MFA_83                 ForQA             saed32rvt_tt1p05v25c
MFA_82                 ForQA             saed32rvt_tt1p05v25c
MFA_81                 ForQA             saed32rvt_tt1p05v25c
MFA_80                 ForQA             saed32rvt_tt1p05v25c
MFA_79                 ForQA             saed32rvt_tt1p05v25c
MFA_78                 ForQA             saed32rvt_tt1p05v25c
MFA_77                 ForQA             saed32rvt_tt1p05v25c
MFA_76                 ForQA             saed32rvt_tt1p05v25c
MFA_75                 ForQA             saed32rvt_tt1p05v25c
MFA_74                 ForQA             saed32rvt_tt1p05v25c
MFA_73                 ForQA             saed32rvt_tt1p05v25c
MFA_72                 ForQA             saed32rvt_tt1p05v25c
MFA_71                 ForQA             saed32rvt_tt1p05v25c
MFA_70                 ForQA             saed32rvt_tt1p05v25c
MFA_69                 ForQA             saed32rvt_tt1p05v25c
MFA_68                 ForQA             saed32rvt_tt1p05v25c
MFA_67                 ForQA             saed32rvt_tt1p05v25c
MFA_66                 ForQA             saed32rvt_tt1p05v25c
MFA_65                 ForQA             saed32rvt_tt1p05v25c
MFA_64                 ForQA             saed32rvt_tt1p05v25c
MFA_63                 ForQA             saed32rvt_tt1p05v25c
MFA_62                 ForQA             saed32rvt_tt1p05v25c
MFA_61                 ForQA             saed32rvt_tt1p05v25c
MFA_60                 ForQA             saed32rvt_tt1p05v25c
MFA_59                 ForQA             saed32rvt_tt1p05v25c
MFA_58                 ForQA             saed32rvt_tt1p05v25c
MFA_57                 ForQA             saed32rvt_tt1p05v25c
MFA_127                ForQA             saed32rvt_tt1p05v25c
MFA_135                ForQA             saed32rvt_tt1p05v25c
MFA_143                ForQA             saed32rvt_tt1p05v25c
MFA_151                ForQA             saed32rvt_tt1p05v25c
MFA_159                ForQA             saed32rvt_tt1p05v25c
MFA_167                ForQA             saed32rvt_tt1p05v25c
MFA_7                  ForQA             saed32rvt_tt1p05v25c
MFA_183                ForQA             saed32rvt_tt1p05v25c
MFA_199                ForQA             saed32rvt_tt1p05v25c
MFA_23                 ForQA             saed32rvt_tt1p05v25c
MFA_120                ForQA             saed32rvt_tt1p05v25c
MFA_128                ForQA             saed32rvt_tt1p05v25c
MFA_136                ForQA             saed32rvt_tt1p05v25c
MFA_144                ForQA             saed32rvt_tt1p05v25c
MFA_152                ForQA             saed32rvt_tt1p05v25c
MFA_160                ForQA             saed32rvt_tt1p05v25c
MFA_0                  ForQA             saed32rvt_tt1p05v25c
MFA_168                ForQA             saed32rvt_tt1p05v25c
MFA_184                ForQA             saed32rvt_tt1p05v25c
MFA_8                  ForQA             saed32rvt_tt1p05v25c
LA4_36                 ForQA             saed32rvt_tt1p05v25c
LA4_39                 ForQA             saed32rvt_tt1p05v25c
LA4_42                 ForQA             saed32rvt_tt1p05v25c
LA4_45                 ForQA             saed32rvt_tt1p05v25c
LA4_48                 ForQA             saed32rvt_tt1p05v25c
LA4_51                 ForQA             saed32rvt_tt1p05v25c
LA4_54                 ForQA             saed32rvt_tt1p05v25c


Global Operating Voltage = 1.05 
Power-specific unit information :
    Voltage Units = 1V
    Capacitance Units = 1.000000ff
    Time Units = 1ns
    Dynamic Power Units = 1uW    (derived from V,C,T units)
    Leakage Power Units = 1pW


--------------------------------------------------------------------------------
                                       Switch   Int      Leak     Total
Hierarchy                              Power    Power    Power    Power    %
--------------------------------------------------------------------------------
vbw_cla_bsln                            143.228  429.669 3.97e+08  969.451 100.0
  add8_1 (cla_adder_WIDTH8_0)             4.051   10.452 1.09e+07   25.398   2.6
    genblk1_layer2 (LA4_36)               0.000    0.000    0.000    0.000   0.0
    genblk1_layer1_1_ (LA4_38)            0.879    1.571 1.23e+06    3.679   0.4
    genblk1_layer1_0_ (LA4_37)            0.753    1.317 1.17e+06    3.245   0.3
    mfa_inst_7_ (MFA_127)              9.70e-02    0.607 5.09e+05    1.214   0.1
    mfa_inst_6_ (MFA_126)                 0.365    1.110 1.21e+06    2.688   0.3
    mfa_inst_5_ (MFA_125)                 0.367    1.106 1.21e+06    2.685   0.3
    mfa_inst_4_ (MFA_124)                 0.356    1.100 1.21e+06    2.669   0.3
    mfa_inst_3_ (MFA_123)                 0.355    1.088 1.21e+06    2.657   0.3
    mfa_inst_2_ (MFA_122)                 0.357    1.094 1.21e+06    2.665   0.3
    mfa_inst_1_ (MFA_121)                 0.344    1.070 1.21e+06    2.627   0.3
    mfa_inst_0_ (MFA_120)                 0.178    0.390 7.01e+05    1.269   0.1
  add8_2 (cla_adder_WIDTH8_1)             4.097   10.542 1.09e+07   25.545   2.6
    genblk1_layer2 (LA4_39)               0.000    0.000    0.000    0.000   0.0
    genblk1_layer1_1_ (LA4_41)            0.896    1.608 1.24e+06    3.745   0.4
    genblk1_layer1_0_ (LA4_40)            0.753    1.315 1.18e+06    3.246   0.3
    mfa_inst_7_ (MFA_135)                 0.104    0.613 5.08e+05    1.225   0.1
    mfa_inst_6_ (MFA_134)                 0.368    1.114 1.21e+06    2.695   0.3
    mfa_inst_5_ (MFA_133)                 0.370    1.114 1.21e+06    2.697   0.3
    mfa_inst_4_ (MFA_132)                 0.364    1.106 1.21e+06    2.682   0.3
    mfa_inst_3_ (MFA_131)                 0.363    1.109 1.21e+06    2.685   0.3
    mfa_inst_2_ (MFA_130)                 0.358    1.098 1.21e+06    2.669   0.3
    mfa_inst_1_ (MFA_129)                 0.345    1.069 1.21e+06    2.627   0.3
    mfa_inst_0_ (MFA_128)                 0.176    0.396 7.01e+05    1.273   0.1
  add8_3 (cla_adder_WIDTH8_2)             4.125   10.612 1.09e+07   25.630   2.6
    genblk1_layer2 (LA4_42)               0.000    0.000    0.000    0.000   0.0
    genblk1_layer1_1_ (LA4_44)            0.900    1.608 1.23e+06    3.738   0.4
    genblk1_layer1_0_ (LA4_43)            0.752    1.312 1.18e+06    3.241   0.3
    mfa_inst_7_ (MFA_143)                 0.105    0.622 5.08e+05    1.236   0.1
    mfa_inst_6_ (MFA_142)                 0.375    1.127 1.21e+06    2.713   0.3
    mfa_inst_5_ (MFA_141)                 0.373    1.121 1.21e+06    2.706   0.3
    mfa_inst_4_ (MFA_140)                 0.372    1.133 1.21e+06    2.718   0.3
    mfa_inst_3_ (MFA_139)                 0.369    1.119 1.21e+06    2.701   0.3
    mfa_inst_2_ (MFA_138)                 0.365    1.109 1.21e+06    2.686   0.3
    mfa_inst_1_ (MFA_137)                 0.341    1.065 1.21e+06    2.620   0.3
    mfa_inst_0_ (MFA_136)                 0.174    0.396 7.01e+05    1.271   0.1
  add8_4 (cla_adder_WIDTH8_3)             4.072   10.516 1.09e+07   25.483   2.6
    genblk1_layer2 (LA4_45)               0.000    0.000    0.000    0.000   0.0
    genblk1_layer1_1_ (LA4_47)            0.873    1.561 1.23e+06    3.665   0.4
    genblk1_layer1_0_ (LA4_46)            0.746    1.303 1.18e+06    3.226   0.3
    mfa_inst_7_ (MFA_151)                 0.102    0.609 5.08e+05    1.220   0.1
    mfa_inst_6_ (MFA_150)                 0.369    1.121 1.21e+06    2.703   0.3
    mfa_inst_5_ (MFA_149)                 0.368    1.113 1.21e+06    2.693   0.3
    mfa_inst_4_ (MFA_148)                 0.362    1.114 1.21e+06    2.687   0.3
    mfa_inst_3_ (MFA_147)                 0.368    1.113 1.21e+06    2.694   0.3
    mfa_inst_2_ (MFA_146)                 0.368    1.118 1.21e+06    2.699   0.3
    mfa_inst_1_ (MFA_145)                 0.345    1.069 1.21e+06    2.626   0.3
    mfa_inst_0_ (MFA_144)                 0.173    0.396 7.01e+05    1.269   0.1
  add8_5 (cla_adder_WIDTH8_4)             4.116   10.579 1.09e+07   25.591   2.6
    genblk1_layer2 (LA4_48)               0.000    0.000    0.000    0.000   0.0
    genblk1_layer1_1_ (LA4_50)            0.886    1.586 1.23e+06    3.702   0.4
    genblk1_layer1_0_ (LA4_49)            0.759    1.329 1.18e+06    3.271   0.3
    mfa_inst_7_ (MFA_159)                 0.104    0.602 5.09e+05    1.215   0.1
    mfa_inst_6_ (MFA_158)                 0.368    1.115 1.21e+06    2.696   0.3
    mfa_inst_5_ (MFA_157)                 0.372    1.122 1.21e+06    2.705   0.3
    mfa_inst_4_ (MFA_156)                 0.365    1.117 1.21e+06    2.695   0.3
    mfa_inst_3_ (MFA_155)                 0.365    1.115 1.21e+06    2.693   0.3
    mfa_inst_2_ (MFA_154)                 0.371    1.119 1.21e+06    2.704   0.3
    mfa_inst_1_ (MFA_153)                 0.349    1.077 1.21e+06    2.639   0.3
    mfa_inst_0_ (MFA_152)                 0.175    0.396 7.01e+05    1.272   0.1
  add8_6 (cla_adder_WIDTH8_5)             4.098   10.555 1.09e+07   25.558   2.6
    genblk1_layer2 (LA4_51)               0.000    0.000    0.000    0.000   0.0
    genblk1_layer1_1_ (LA4_53)            0.885    1.585 1.23e+06    3.705   0.4
    genblk1_layer1_0_ (LA4_52)            0.757    1.324 1.18e+06    3.264   0.3
    mfa_inst_7_ (MFA_167)                 0.101    0.613 5.09e+05    1.223   0.1
    mfa_inst_6_ (MFA_166)                 0.370    1.120 1.21e+06    2.704   0.3
    mfa_inst_5_ (MFA_165)                 0.374    1.130 1.21e+06    2.717   0.3
    mfa_inst_4_ (MFA_164)                 0.365    1.113 1.21e+06    2.690   0.3
    mfa_inst_3_ (MFA_163)                 0.366    1.108 1.21e+06    2.687   0.3
    mfa_inst_2_ (MFA_162)                 0.362    1.102 1.21e+06    2.678   0.3
    mfa_inst_1_ (MFA_161)                 0.343    1.064 1.21e+06    2.619   0.3
    mfa_inst_0_ (MFA_160)                 0.175    0.396 7.01e+05    1.273   0.1
  add8_7 (cla_adder_WIDTH8_6)             4.084   10.517 1.09e+07   25.508   2.6
    genblk1_layer2 (LA4_54)               0.000    0.000    0.000    0.000   0.0
    genblk1_layer1_1_ (LA4_1)             0.883    1.579 1.24e+06    3.699   0.4
    genblk1_layer1_0_ (LA4_0)             0.745    1.307 1.18e+06    3.234   0.3
    mfa_inst_7_ (MFA_7)                   0.104    0.612 5.09e+05    1.225   0.1
    mfa_inst_6_ (MFA_6)                   0.377    1.129 1.21e+06    2.719   0.3
    mfa_inst_5_ (MFA_5)                   0.367    1.111 1.21e+06    2.691   0.3
    mfa_inst_4_ (MFA_4)                   0.359    1.101 1.21e+06    2.671   0.3
    mfa_inst_3_ (MFA_3)                   0.363    1.106 1.21e+06    2.682   0.3
    mfa_inst_2_ (MFA_2)                   0.357    1.093 1.21e+06    2.664   0.3
    mfa_inst_1_ (MFA_1)                   0.349    1.082 1.21e+06    2.645   0.3
    mfa_inst_0_ (MFA_0)                   0.180    0.397 7.01e+05    1.278   0.1
  add16_1 (cla_adder_WIDTH16_0)           9.520   26.337 2.64e+07   62.213   6.4
    genblk1_layer2 (LA4_55)               0.433    0.728 7.23e+05    1.885   0.2
    genblk1_layer1_3_ (LA4_59)            0.798    1.641 1.24e+06    3.676   0.4
    genblk1_layer1_2_ (LA4_58)            1.104    3.097 2.51e+06    6.711   0.7
    genblk1_layer1_1_ (LA4_57)            1.114    3.139 2.52e+06    6.771   0.7
    genblk1_layer1_0_ (LA4_56)            0.685    1.313 1.18e+06    3.176   0.3
    mfa_inst_15_ (MFA_183)                0.106    0.622 5.08e+05    1.236   0.1
    mfa_inst_14_ (MFA_182)                0.312    1.072 1.21e+06    2.596   0.3
    mfa_inst_13_ (MFA_181)                0.311    1.069 1.21e+06    2.592   0.3
    mfa_inst_12_ (MFA_180)                0.309    1.072 1.21e+06    2.595   0.3
    mfa_inst_11_ (MFA_179)                0.361    1.123 1.21e+06    2.697   0.3
    mfa_inst_10_ (MFA_178)                0.469    1.165 1.21e+06    2.846   0.3
    mfa_inst_9_ (MFA_177)                 0.448    1.148 1.21e+06    2.809   0.3
    mfa_inst_8_ (MFA_176)                 0.382    1.116 1.21e+06    2.711   0.3
    mfa_inst_7_ (MFA_175)                 0.362    1.127 1.21e+06    2.701   0.3
    mfa_inst_6_ (MFA_174)                 0.462    1.150 1.21e+06    2.825   0.3
    mfa_inst_5_ (MFA_173)                 0.450    1.143 1.21e+06    2.807   0.3
    mfa_inst_4_ (MFA_172)                 0.385    1.105 1.21e+06    2.702   0.3
    mfa_inst_3_ (MFA_171)                 0.302    1.055 1.21e+06    2.570   0.3
    mfa_inst_2_ (MFA_170)                 0.297    1.044 1.21e+06    2.555   0.3
    mfa_inst_1_ (MFA_169)                 0.282    1.010 1.21e+06    2.506   0.3
    mfa_inst_0_ (MFA_168)                 0.150    0.396 7.01e+05    1.246   0.1
  add16_2 (cla_adder_WIDTH16_1)           9.471   26.209 2.64e+07   62.035   6.4
    genblk1_layer2 (LA4_60)               0.428    0.719 7.27e+05    1.874   0.2
    genblk1_layer1_3_ (LA4_64)            0.786    1.617 1.24e+06    3.640   0.4
    genblk1_layer1_2_ (LA4_63)            1.114    3.128 2.52e+06    6.759   0.7
    genblk1_layer1_1_ (LA4_62)            1.078    3.040 2.51e+06    6.628   0.7
    genblk1_layer1_0_ (LA4_61)            0.678    1.301 1.18e+06    3.156   0.3
    mfa_inst_15_ (MFA_199)                0.105    0.604 5.09e+05    1.218   0.1
    mfa_inst_14_ (MFA_198)                0.307    1.063 1.21e+06    2.582   0.3
    mfa_inst_13_ (MFA_197)                0.310    1.068 1.21e+06    2.589   0.3
    mfa_inst_12_ (MFA_196)                0.304    1.061 1.21e+06    2.577   0.3
    mfa_inst_11_ (MFA_195)                0.357    1.118 1.21e+06    2.688   0.3
    mfa_inst_10_ (MFA_194)                0.478    1.172 1.21e+06    2.863   0.3
    mfa_inst_9_ (MFA_193)                 0.458    1.157 1.21e+06    2.827   0.3
    mfa_inst_8_ (MFA_192)                 0.383    1.113 1.21e+06    2.710   0.3
    mfa_inst_7_ (MFA_191)                 0.355    1.110 1.21e+06    2.677   0.3
    mfa_inst_6_ (MFA_190)                 0.464    1.156 1.21e+06    2.833   0.3
    mfa_inst_5_ (MFA_189)                 0.448    1.141 1.21e+06    2.801   0.3
    mfa_inst_4_ (MFA_188)                 0.381    1.113 1.21e+06    2.706   0.3
    mfa_inst_3_ (MFA_187)                 0.305    1.059 1.21e+06    2.577   0.3
    mfa_inst_2_ (MFA_186)                 0.304    1.063 1.21e+06    2.581   0.3
    mfa_inst_1_ (MFA_185)                 0.282    1.010 1.21e+06    2.505   0.3
    mfa_inst_0_ (MFA_184)                 0.147    0.396 7.01e+05    1.244   0.1
  add16_3 (cla_adder_WIDTH16_2)           9.471   26.190 2.64e+07   62.040   6.4
    genblk1_layer2 (LA4_65)               0.425    0.712 7.24e+05    1.861   0.2
    genblk1_layer1_3_ (LA4_5)             0.784    1.612 1.24e+06    3.641   0.4
    genblk1_layer1_2_ (LA4_4)             1.105    3.096 2.52e+06    6.725   0.7
    genblk1_layer1_1_ (LA4_3)             1.094    3.080 2.51e+06    6.687   0.7
    genblk1_layer1_0_ (LA4_2)             0.688    1.322 1.18e+06    3.193   0.3
    mfa_inst_15_ (MFA_23)                 0.104    0.613 5.09e+05    1.226   0.1
    mfa_inst_14_ (MFA_22)                 0.314    1.075 1.21e+06    2.602   0.3
    mfa_inst_13_ (MFA_21)                 0.306    1.058 1.21e+06    2.578   0.3
    mfa_inst_12_ (MFA_20)                 0.299    1.046 1.21e+06    2.555   0.3
    mfa_inst_11_ (MFA_19)                 0.356    1.115 1.21e+06    2.683   0.3
    mfa_inst_10_ (MFA_18)                 0.460    1.148 1.21e+06    2.822   0.3
    mfa_inst_9_ (MFA_17)                  0.457    1.150 1.21e+06    2.819   0.3
    mfa_inst_8_ (MFA_16)                  0.389    1.123 1.21e+06    2.726   0.3
    mfa_inst_7_ (MFA_15)                  0.351    1.107 1.21e+06    2.671   0.3
    mfa_inst_6_ (MFA_14)                  0.465    1.156 1.21e+06    2.834   0.3
    mfa_inst_5_ (MFA_13)                  0.456    1.159 1.21e+06    2.828   0.3
    mfa_inst_4_ (MFA_12)                  0.386    1.112 1.21e+06    2.710   0.3
    mfa_inst_3_ (MFA_11)                  0.304    1.054 1.21e+06    2.571   0.3
    mfa_inst_2_ (MFA_10)                  0.299    1.049 1.21e+06    2.562   0.3
    mfa_inst_1_ (MFA_9)                   0.281    1.006 1.21e+06    2.499   0.3
    mfa_inst_0_ (MFA_8)                   0.149    0.396 7.01e+05    1.247   0.1
  add32_1 (cla_adder_WIDTH32)            21.583   58.379 5.74e+07  137.346  14.2
    genblk1_layer3 (LA4_66)               0.000    0.000    0.000    0.000   0.0
    genblk1_layer2_1_ (LA4_7)             0.676    1.086 1.13e+06    2.891   0.3
    genblk1_layer2_0_ (LA4_6)             0.748    1.102 1.13e+06    2.977   0.3
    genblk1_layer1_7_ (LA4_15)            0.785    1.613 1.24e+06    3.642   0.4
    genblk1_layer1_6_ (LA4_14)            1.106    3.099 2.52e+06    6.729   0.7
    genblk1_layer1_5_ (LA4_13)            1.114    3.121 2.52e+06    6.756   0.7
    genblk1_layer1_4_ (LA4_12)            1.124    3.153 2.52e+06    6.800   0.7
    genblk1_layer1_3_ (LA4_11)            1.122    3.157 2.52e+06    6.798   0.7
    genblk1_layer1_2_ (LA4_10)            1.114    3.128 2.52e+06    6.759   0.7
    genblk1_layer1_1_ (LA4_9)             1.078    3.040 2.51e+06    6.628   0.7
    genblk1_layer1_0_ (LA4_8)             0.678    1.301 1.18e+06    3.156   0.3
    mfa_inst_31_ (MFA_55)                 0.104    0.613 5.09e+05    1.226   0.1
    mfa_inst_30_ (MFA_54)                 0.314    1.075 1.21e+06    2.602   0.3
    mfa_inst_29_ (MFA_53)                 0.306    1.058 1.21e+06    2.578   0.3
    mfa_inst_28_ (MFA_52)                 0.299    1.046 1.21e+06    2.556   0.3
    mfa_inst_27_ (MFA_51)                 0.356    1.115 1.21e+06    2.683   0.3
    mfa_inst_26_ (MFA_50)                 0.460    1.148 1.21e+06    2.822   0.3
    mfa_inst_25_ (MFA_49)                 0.457    1.150 1.21e+06    2.820   0.3
    mfa_inst_24_ (MFA_48)                 0.389    1.124 1.21e+06    2.727   0.3
    mfa_inst_23_ (MFA_47)                 0.351    1.108 1.21e+06    2.672   0.3
    mfa_inst_22_ (MFA_46)                 0.466    1.157 1.21e+06    2.836   0.3
    mfa_inst_21_ (MFA_45)                 0.457    1.161 1.21e+06    2.832   0.3
    mfa_inst_20_ (MFA_44)                 0.388    1.115 1.21e+06    2.715   0.3
    mfa_inst_19_ (MFA_43)                 0.358    1.115 1.21e+06    2.685   0.3
    mfa_inst_18_ (MFA_42)                 0.465    1.164 1.21e+06    2.843   0.3
    mfa_inst_17_ (MFA_41)                 0.451    1.145 1.21e+06    2.807   0.3
    mfa_inst_16_ (MFA_40)                 0.389    1.134 1.21e+06    2.736   0.3
    mfa_inst_15_ (MFA_39)                 0.365    1.120 1.21e+06    2.696   0.3
    mfa_inst_14_ (MFA_38)                 0.463    1.151 1.21e+06    2.827   0.3
    mfa_inst_13_ (MFA_37)                 0.454    1.151 1.21e+06    2.816   0.3
    mfa_inst_12_ (MFA_36)                 0.387    1.119 1.21e+06    2.718   0.3
    mfa_inst_11_ (MFA_35)                 0.357    1.118 1.21e+06    2.688   0.3
    mfa_inst_10_ (MFA_34)                 0.478    1.172 1.21e+06    2.863   0.3
    mfa_inst_9_ (MFA_33)                  0.458    1.157 1.21e+06    2.827   0.3
    mfa_inst_8_ (MFA_32)                  0.383    1.113 1.21e+06    2.710   0.3
    mfa_inst_7_ (MFA_31)                  0.355    1.110 1.21e+06    2.677   0.3
    mfa_inst_6_ (MFA_30)                  0.464    1.156 1.21e+06    2.833   0.3
    mfa_inst_5_ (MFA_29)                  0.448    1.141 1.21e+06    2.801   0.3
    mfa_inst_4_ (MFA_28)                  0.381    1.113 1.21e+06    2.706   0.3
    mfa_inst_3_ (MFA_27)                  0.305    1.059 1.21e+06    2.577   0.3
    mfa_inst_2_ (MFA_26)                  0.304    1.063 1.21e+06    2.581   0.3
    mfa_inst_1_ (MFA_25)                  0.282    1.010 1.21e+06    2.505   0.3
    mfa_inst_0_ (MFA_24)                  0.147    0.396 7.01e+05    1.244   0.1
  add64 (cla_adder_WIDTH64)              49.921  129.672 1.30e+08  309.220  31.9
    genblk1_layer3 (LA4_67)               1.020    1.815 2.27e+06    5.109   0.5
    genblk1_layer2_3_ (LA4_19)            0.963    2.193 2.32e+06    5.473   0.6
    genblk1_layer2_2_ (LA4_18)            1.032    2.207 2.32e+06    5.562   0.6
    genblk1_layer2_1_ (LA4_17)            1.034    2.210 2.31e+06    5.556   0.6
    genblk1_layer2_0_ (LA4_16)            0.990    2.102 2.29e+06    5.380   0.6
    genblk1_layer1_15_ (LA4_35)           1.140    3.139 2.52e+06    6.803   0.7
    genblk1_layer1_14_ (LA4_34)           1.215    3.090 2.52e+06    6.829   0.7
    genblk1_layer1_13_ (LA4_33)           1.219    3.113 2.52e+06    6.853   0.7
    genblk1_layer1_12_ (LA4_32)           1.203    3.147 2.52e+06    6.875   0.7
    genblk1_layer1_11_ (LA4_31)           1.145    3.153 2.52e+06    6.818   0.7
    genblk1_layer1_10_ (LA4_30)           1.227    3.123 2.52e+06    6.868   0.7
    genblk1_layer1_9_ (LA4_29)            1.201    3.066 2.52e+06    6.785   0.7
    genblk1_layer1_8_ (LA4_28)            1.184    3.104 2.51e+06    6.802   0.7
    genblk1_layer1_7_ (LA4_27)            1.157    3.183 2.52e+06    6.856   0.7
    genblk1_layer1_6_ (LA4_26)            1.219    3.093 2.51e+06    6.823   0.7
    genblk1_layer1_5_ (LA4_25)            1.239    3.163 2.53e+06    6.929   0.7
    genblk1_layer1_4_ (LA4_24)            1.175    3.083 2.51e+06    6.770   0.7
    genblk1_layer1_3_ (LA4_23)            1.123    3.086 2.52e+06    6.726   0.7
    genblk1_layer1_2_ (LA4_22)            1.220    3.102 2.51e+06    6.835   0.7
    genblk1_layer1_1_ (LA4_21)            1.197    3.059 2.52e+06    6.774   0.7
    genblk1_layer1_0_ (LA4_20)            1.012    2.689 2.43e+06    6.126   0.6
    mfa_inst_63_ (MFA_119)                0.361    1.121 1.21e+06    2.694   0.3
    mfa_inst_62_ (MFA_118)                0.474    1.166 1.21e+06    2.854   0.3
    mfa_inst_61_ (MFA_117)                0.448    1.140 1.21e+06    2.802   0.3
    mfa_inst_60_ (MFA_116)                0.381    1.102 1.21e+06    2.694   0.3
    mfa_inst_59_ (MFA_115)                0.356    1.115 1.21e+06    2.683   0.3
    mfa_inst_58_ (MFA_114)                0.460    1.148 1.21e+06    2.822   0.3
    mfa_inst_57_ (MFA_113)                0.457    1.150 1.21e+06    2.820   0.3
    mfa_inst_56_ (MFA_112)                0.389    1.124 1.21e+06    2.727   0.3
    mfa_inst_55_ (MFA_111)                0.351    1.108 1.21e+06    2.672   0.3
    mfa_inst_54_ (MFA_110)                0.466    1.157 1.21e+06    2.836   0.3
    mfa_inst_53_ (MFA_109)                0.457    1.161 1.21e+06    2.832   0.3
    mfa_inst_52_ (MFA_108)                0.388    1.115 1.21e+06    2.715   0.3
    mfa_inst_51_ (MFA_107)                0.358    1.115 1.21e+06    2.685   0.3
    mfa_inst_50_ (MFA_106)                0.465    1.164 1.21e+06    2.843   0.3
    mfa_inst_49_ (MFA_105)                0.451    1.145 1.21e+06    2.807   0.3
    mfa_inst_48_ (MFA_104)                0.389    1.134 1.21e+06    2.736   0.3
    mfa_inst_47_ (MFA_103)                0.365    1.120 1.21e+06    2.696   0.3
    mfa_inst_46_ (MFA_102)                0.463    1.152 1.21e+06    2.827   0.3
    mfa_inst_45_ (MFA_101)                0.454    1.152 1.21e+06    2.816   0.3
    mfa_inst_44_ (MFA_100)                0.387    1.119 1.21e+06    2.718   0.3
    mfa_inst_43_ (MFA_99)                 0.357    1.118 1.21e+06    2.688   0.3
    mfa_inst_42_ (MFA_98)                 0.478    1.173 1.21e+06    2.863   0.3
    mfa_inst_41_ (MFA_97)                 0.458    1.157 1.21e+06    2.826   0.3
    mfa_inst_40_ (MFA_96)                 0.383    1.113 1.21e+06    2.710   0.3
    mfa_inst_39_ (MFA_95)                 0.355    1.109 1.21e+06    2.678   0.3
    mfa_inst_38_ (MFA_94)                 0.464    1.156 1.21e+06    2.833   0.3
    mfa_inst_37_ (MFA_93)                 0.449    1.142 1.21e+06    2.803   0.3
    mfa_inst_36_ (MFA_92)                 0.383    1.116 1.21e+06    2.711   0.3
    mfa_inst_35_ (MFA_91)                 0.360    1.118 1.21e+06    2.691   0.3
    mfa_inst_34_ (MFA_90)                 0.473    1.172 1.21e+06    2.859   0.3
    mfa_inst_33_ (MFA_89)                 0.453    1.152 1.21e+06    2.817   0.3
    mfa_inst_32_ (MFA_88)                 0.385    1.120 1.21e+06    2.717   0.3
    mfa_inst_31_ (MFA_87)                 0.375    1.164 1.21e+06    2.752   0.3
    mfa_inst_30_ (MFA_86)                 0.482    1.191 1.21e+06    2.885   0.3
    mfa_inst_29_ (MFA_85)                 0.466    1.180 1.21e+06    2.858   0.3
    mfa_inst_28_ (MFA_84)                 0.405    1.159 1.21e+06    2.778   0.3
    mfa_inst_27_ (MFA_83)                 0.372    1.151 1.21e+06    2.737   0.3
    mfa_inst_26_ (MFA_82)                 0.480    1.193 1.21e+06    2.885   0.3
    mfa_inst_25_ (MFA_81)                 0.459    1.177 1.21e+06    2.848   0.3
    mfa_inst_24_ (MFA_80)                 0.393    1.144 1.21e+06    2.750   0.3
    mfa_inst_23_ (MFA_79)                 0.373    1.156 1.21e+06    2.741   0.3
    mfa_inst_22_ (MFA_78)                 0.473    1.177 1.21e+06    2.863   0.3
    mfa_inst_21_ (MFA_77)                 0.462    1.170 1.21e+06    2.845   0.3
    mfa_inst_20_ (MFA_76)                 0.398    1.137 1.21e+06    2.746   0.3
    mfa_inst_19_ (MFA_75)                 0.366    1.141 1.21e+06    2.721   0.3
    mfa_inst_18_ (MFA_74)                 0.471    1.178 1.21e+06    2.862   0.3
    mfa_inst_17_ (MFA_73)                 0.461    1.165 1.21e+06    2.839   0.3
    mfa_inst_16_ (MFA_72)                 0.393    1.136 1.21e+06    2.744   0.3
    mfa_inst_15_ (MFA_71)                 0.355    1.111 1.21e+06    2.679   0.3
    mfa_inst_14_ (MFA_70)                 0.463    1.153 1.21e+06    2.830   0.3
    mfa_inst_13_ (MFA_69)                 0.452    1.146 1.21e+06    2.809   0.3
    mfa_inst_12_ (MFA_68)                 0.381    1.107 1.21e+06    2.701   0.3
    mfa_inst_11_ (MFA_67)                 0.350    1.102 1.21e+06    2.667   0.3
    mfa_inst_10_ (MFA_66)                 0.463    1.153 1.21e+06    2.830   0.3
    mfa_inst_9_ (MFA_65)                  0.453    1.145 1.21e+06    2.810   0.3
    mfa_inst_8_ (MFA_64)                  0.390    1.115 1.21e+06    2.718   0.3
    mfa_inst_7_ (MFA_63)                  0.260    0.653 1.21e+06    2.127   0.2
    mfa_inst_6_ (MFA_62)                  0.357    0.677 1.21e+06    2.248   0.2
    mfa_inst_5_ (MFA_61)                  0.351    0.681 1.21e+06    2.246   0.2
    mfa_inst_4_ (MFA_60)                  0.275    0.636 1.21e+06    2.125   0.2
    mfa_inst_3_ (MFA_59)                  0.253    0.656 1.21e+06    2.122   0.2
    mfa_inst_2_ (MFA_58)                  0.358    0.697 1.21e+06    2.269   0.2
    mfa_inst_1_ (MFA_57)                  0.355    0.724 1.21e+06    2.293   0.2
    mfa_inst_0_ (MFA_56)                  0.285    0.714 1.21e+06    2.213   0.2
1
