Information: Propagating switching activity (low effort zero delay simulation). (PWR-6)
Warning: There is no defined clock in the design. (PWR-80)
Warning: Design has unannotated primary inputs. (PWR-414)
 
****************************************
Report : power
        -hier
        -analysis_effort low
Design : vbw_cla_bsln
Version: K-2015.06-SP4
Date   : Wed Apr 26 19:35:11 2017
****************************************


Library(s) Used:

    saed32rvt_tt1p05v25c (File: /usr/local/packages/synopsys_2015/SAED32_EDK/lib/stdcell_rvt/db_nldm/saed32rvt_tt1p05v25c.db)


Operating Conditions: tt1p05v25c   Library: saed32rvt_tt1p05v25c
Wire Load Model Mode: enclosed

Design        Wire Load Model            Library
------------------------------------------------
vbw_cla_bsln           8000              saed32rvt_tt1p05v25c
cla_adder_WIDTH64      8000              saed32rvt_tt1p05v25c
cla_adder_WIDTH32      8000              saed32rvt_tt1p05v25c
cla_adder_WIDTH16_1    8000              saed32rvt_tt1p05v25c
cla_adder_WIDTH16_0    8000              saed32rvt_tt1p05v25c
cla_adder_WIDTH8_3     ForQA             saed32rvt_tt1p05v25c
MFA_56                 ForQA             saed32rvt_tt1p05v25c
LA4_20                 ForQA             saed32rvt_tt1p05v25c
MFA_24                 ForQA             saed32rvt_tt1p05v25c
MFA_55                 ForQA             saed32rvt_tt1p05v25c
LA4_8                  ForQA             saed32rvt_tt1p05v25c
LA4_15                 ForQA             saed32rvt_tt1p05v25c
LA2_4                  ForQA             saed32rvt_tt1p05v25c
LA4_2                  ForQA             saed32rvt_tt1p05v25c
LA4_47                 ForQA             saed32rvt_tt1p05v25c
cla_adder_WIDTH8_0     ForQA             saed32rvt_tt1p05v25c
cla_adder_WIDTH8_1     ForQA             saed32rvt_tt1p05v25c
cla_adder_WIDTH8_2     ForQA             saed32rvt_tt1p05v25c
LA4_45                 ForQA             saed32rvt_tt1p05v25c
LA4_44                 ForQA             saed32rvt_tt1p05v25c
LA4_4                  ForQA             saed32rvt_tt1p05v25c
LA4_3                  ForQA             saed32rvt_tt1p05v25c
LA4_14                 ForQA             saed32rvt_tt1p05v25c
LA4_13                 ForQA             saed32rvt_tt1p05v25c
LA4_12                 ForQA             saed32rvt_tt1p05v25c
LA4_11                 ForQA             saed32rvt_tt1p05v25c
LA4_10                 ForQA             saed32rvt_tt1p05v25c
LA4_9                  ForQA             saed32rvt_tt1p05v25c
LA4_48                 ForQA             saed32rvt_tt1p05v25c
LA4_19                 ForQA             saed32rvt_tt1p05v25c
LA4_18                 ForQA             saed32rvt_tt1p05v25c
LA4_17                 ForQA             saed32rvt_tt1p05v25c
LA4_16                 ForQA             saed32rvt_tt1p05v25c
LA4_35                 ForQA             saed32rvt_tt1p05v25c
LA4_34                 ForQA             saed32rvt_tt1p05v25c
LA4_33                 ForQA             saed32rvt_tt1p05v25c
LA4_32                 ForQA             saed32rvt_tt1p05v25c
LA4_31                 ForQA             saed32rvt_tt1p05v25c
LA4_30                 ForQA             saed32rvt_tt1p05v25c
LA4_29                 ForQA             saed32rvt_tt1p05v25c
LA4_28                 ForQA             saed32rvt_tt1p05v25c
LA4_27                 ForQA             saed32rvt_tt1p05v25c
LA4_26                 ForQA             saed32rvt_tt1p05v25c
LA4_25                 ForQA             saed32rvt_tt1p05v25c
LA4_24                 ForQA             saed32rvt_tt1p05v25c
LA4_23                 ForQA             saed32rvt_tt1p05v25c
LA4_22                 ForQA             saed32rvt_tt1p05v25c
LA4_21                 ForQA             saed32rvt_tt1p05v25c
LA4_36                 ForQA             saed32rvt_tt1p05v25c
LA4_38                 ForQA             saed32rvt_tt1p05v25c
LA4_40                 ForQA             saed32rvt_tt1p05v25c
LA4_0                  ForQA             saed32rvt_tt1p05v25c
LA4_43                 ForQA             saed32rvt_tt1p05v25c
LA4_6                  ForQA             saed32rvt_tt1p05v25c
LA4_37                 ForQA             saed32rvt_tt1p05v25c
LA4_39                 ForQA             saed32rvt_tt1p05v25c
LA4_41                 ForQA             saed32rvt_tt1p05v25c
LA4_1                  ForQA             saed32rvt_tt1p05v25c
LA4_46                 ForQA             saed32rvt_tt1p05v25c
LA4_5                  ForQA             saed32rvt_tt1p05v25c
LA4_7                  ForQA             saed32rvt_tt1p05v25c
LA4_42                 ForQA             saed32rvt_tt1p05v25c
MFA_126                ForQA             saed32rvt_tt1p05v25c
MFA_125                ForQA             saed32rvt_tt1p05v25c
MFA_124                ForQA             saed32rvt_tt1p05v25c
MFA_123                ForQA             saed32rvt_tt1p05v25c
MFA_122                ForQA             saed32rvt_tt1p05v25c
MFA_121                ForQA             saed32rvt_tt1p05v25c
MFA_134                ForQA             saed32rvt_tt1p05v25c
MFA_133                ForQA             saed32rvt_tt1p05v25c
MFA_132                ForQA             saed32rvt_tt1p05v25c
MFA_131                ForQA             saed32rvt_tt1p05v25c
MFA_130                ForQA             saed32rvt_tt1p05v25c
MFA_129                ForQA             saed32rvt_tt1p05v25c
MFA_142                ForQA             saed32rvt_tt1p05v25c
MFA_141                ForQA             saed32rvt_tt1p05v25c
MFA_140                ForQA             saed32rvt_tt1p05v25c
MFA_139                ForQA             saed32rvt_tt1p05v25c
MFA_138                ForQA             saed32rvt_tt1p05v25c
MFA_137                ForQA             saed32rvt_tt1p05v25c
MFA_6                  ForQA             saed32rvt_tt1p05v25c
MFA_5                  ForQA             saed32rvt_tt1p05v25c
MFA_4                  ForQA             saed32rvt_tt1p05v25c
MFA_3                  ForQA             saed32rvt_tt1p05v25c
MFA_2                  ForQA             saed32rvt_tt1p05v25c
MFA_1                  ForQA             saed32rvt_tt1p05v25c
MFA_158                ForQA             saed32rvt_tt1p05v25c
MFA_157                ForQA             saed32rvt_tt1p05v25c
MFA_156                ForQA             saed32rvt_tt1p05v25c
MFA_155                ForQA             saed32rvt_tt1p05v25c
MFA_154                ForQA             saed32rvt_tt1p05v25c
MFA_153                ForQA             saed32rvt_tt1p05v25c
MFA_152                ForQA             saed32rvt_tt1p05v25c
MFA_151                ForQA             saed32rvt_tt1p05v25c
MFA_150                ForQA             saed32rvt_tt1p05v25c
MFA_149                ForQA             saed32rvt_tt1p05v25c
MFA_148                ForQA             saed32rvt_tt1p05v25c
MFA_147                ForQA             saed32rvt_tt1p05v25c
MFA_146                ForQA             saed32rvt_tt1p05v25c
MFA_145                ForQA             saed32rvt_tt1p05v25c
MFA_22                 ForQA             saed32rvt_tt1p05v25c
MFA_21                 ForQA             saed32rvt_tt1p05v25c
MFA_20                 ForQA             saed32rvt_tt1p05v25c
MFA_19                 ForQA             saed32rvt_tt1p05v25c
MFA_18                 ForQA             saed32rvt_tt1p05v25c
MFA_17                 ForQA             saed32rvt_tt1p05v25c
MFA_16                 ForQA             saed32rvt_tt1p05v25c
MFA_15                 ForQA             saed32rvt_tt1p05v25c
MFA_14                 ForQA             saed32rvt_tt1p05v25c
MFA_13                 ForQA             saed32rvt_tt1p05v25c
MFA_12                 ForQA             saed32rvt_tt1p05v25c
MFA_11                 ForQA             saed32rvt_tt1p05v25c
MFA_10                 ForQA             saed32rvt_tt1p05v25c
MFA_9                  ForQA             saed32rvt_tt1p05v25c
MFA_54                 ForQA             saed32rvt_tt1p05v25c
MFA_53                 ForQA             saed32rvt_tt1p05v25c
MFA_52                 ForQA             saed32rvt_tt1p05v25c
MFA_51                 ForQA             saed32rvt_tt1p05v25c
MFA_50                 ForQA             saed32rvt_tt1p05v25c
MFA_49                 ForQA             saed32rvt_tt1p05v25c
MFA_48                 ForQA             saed32rvt_tt1p05v25c
MFA_47                 ForQA             saed32rvt_tt1p05v25c
MFA_46                 ForQA             saed32rvt_tt1p05v25c
MFA_45                 ForQA             saed32rvt_tt1p05v25c
MFA_44                 ForQA             saed32rvt_tt1p05v25c
MFA_43                 ForQA             saed32rvt_tt1p05v25c
MFA_42                 ForQA             saed32rvt_tt1p05v25c
MFA_41                 ForQA             saed32rvt_tt1p05v25c
MFA_40                 ForQA             saed32rvt_tt1p05v25c
MFA_39                 ForQA             saed32rvt_tt1p05v25c
MFA_38                 ForQA             saed32rvt_tt1p05v25c
MFA_37                 ForQA             saed32rvt_tt1p05v25c
MFA_36                 ForQA             saed32rvt_tt1p05v25c
MFA_35                 ForQA             saed32rvt_tt1p05v25c
MFA_34                 ForQA             saed32rvt_tt1p05v25c
MFA_33                 ForQA             saed32rvt_tt1p05v25c
MFA_32                 ForQA             saed32rvt_tt1p05v25c
MFA_31                 ForQA             saed32rvt_tt1p05v25c
MFA_30                 ForQA             saed32rvt_tt1p05v25c
MFA_29                 ForQA             saed32rvt_tt1p05v25c
MFA_28                 ForQA             saed32rvt_tt1p05v25c
MFA_27                 ForQA             saed32rvt_tt1p05v25c
MFA_26                 ForQA             saed32rvt_tt1p05v25c
MFA_25                 ForQA             saed32rvt_tt1p05v25c
MFA_119                ForQA             saed32rvt_tt1p05v25c
MFA_118                ForQA             saed32rvt_tt1p05v25c
MFA_117                ForQA             saed32rvt_tt1p05v25c
MFA_116                ForQA             saed32rvt_tt1p05v25c
MFA_115                ForQA             saed32rvt_tt1p05v25c
MFA_114                ForQA             saed32rvt_tt1p05v25c
MFA_113                ForQA             saed32rvt_tt1p05v25c
MFA_112                ForQA             saed32rvt_tt1p05v25c
MFA_111                ForQA             saed32rvt_tt1p05v25c
MFA_110                ForQA             saed32rvt_tt1p05v25c
MFA_109                ForQA             saed32rvt_tt1p05v25c
MFA_108                ForQA             saed32rvt_tt1p05v25c
MFA_107                ForQA             saed32rvt_tt1p05v25c
MFA_106                ForQA             saed32rvt_tt1p05v25c
MFA_105                ForQA             saed32rvt_tt1p05v25c
MFA_104                ForQA             saed32rvt_tt1p05v25c
MFA_103                ForQA             saed32rvt_tt1p05v25c
MFA_102                ForQA             saed32rvt_tt1p05v25c
MFA_101                ForQA             saed32rvt_tt1p05v25c
MFA_100                ForQA             saed32rvt_tt1p05v25c
MFA_99                 ForQA             saed32rvt_tt1p05v25c
MFA_98                 ForQA             saed32rvt_tt1p05v25c
MFA_97                 ForQA             saed32rvt_tt1p05v25c
MFA_96                 ForQA             saed32rvt_tt1p05v25c
MFA_95                 ForQA             saed32rvt_tt1p05v25c
MFA_94                 ForQA             saed32rvt_tt1p05v25c
MFA_93                 ForQA             saed32rvt_tt1p05v25c
MFA_92                 ForQA             saed32rvt_tt1p05v25c
MFA_91                 ForQA             saed32rvt_tt1p05v25c
MFA_90                 ForQA             saed32rvt_tt1p05v25c
MFA_89                 ForQA             saed32rvt_tt1p05v25c
MFA_88                 ForQA             saed32rvt_tt1p05v25c
MFA_87                 ForQA             saed32rvt_tt1p05v25c
MFA_86                 ForQA             saed32rvt_tt1p05v25c
MFA_85                 ForQA             saed32rvt_tt1p05v25c
MFA_84                 ForQA             saed32rvt_tt1p05v25c
MFA_83                 ForQA             saed32rvt_tt1p05v25c
MFA_82                 ForQA             saed32rvt_tt1p05v25c
MFA_81                 ForQA             saed32rvt_tt1p05v25c
MFA_80                 ForQA             saed32rvt_tt1p05v25c
MFA_79                 ForQA             saed32rvt_tt1p05v25c
MFA_78                 ForQA             saed32rvt_tt1p05v25c
MFA_77                 ForQA             saed32rvt_tt1p05v25c
MFA_76                 ForQA             saed32rvt_tt1p05v25c
MFA_75                 ForQA             saed32rvt_tt1p05v25c
MFA_74                 ForQA             saed32rvt_tt1p05v25c
MFA_73                 ForQA             saed32rvt_tt1p05v25c
MFA_72                 ForQA             saed32rvt_tt1p05v25c
MFA_71                 ForQA             saed32rvt_tt1p05v25c
MFA_70                 ForQA             saed32rvt_tt1p05v25c
MFA_69                 ForQA             saed32rvt_tt1p05v25c
MFA_68                 ForQA             saed32rvt_tt1p05v25c
MFA_67                 ForQA             saed32rvt_tt1p05v25c
MFA_66                 ForQA             saed32rvt_tt1p05v25c
MFA_65                 ForQA             saed32rvt_tt1p05v25c
MFA_64                 ForQA             saed32rvt_tt1p05v25c
MFA_63                 ForQA             saed32rvt_tt1p05v25c
MFA_62                 ForQA             saed32rvt_tt1p05v25c
MFA_61                 ForQA             saed32rvt_tt1p05v25c
MFA_60                 ForQA             saed32rvt_tt1p05v25c
MFA_59                 ForQA             saed32rvt_tt1p05v25c
MFA_58                 ForQA             saed32rvt_tt1p05v25c
MFA_57                 ForQA             saed32rvt_tt1p05v25c
MFA_127                ForQA             saed32rvt_tt1p05v25c
MFA_135                ForQA             saed32rvt_tt1p05v25c
MFA_143                ForQA             saed32rvt_tt1p05v25c
MFA_7                  ForQA             saed32rvt_tt1p05v25c
MFA_159                ForQA             saed32rvt_tt1p05v25c
MFA_23                 ForQA             saed32rvt_tt1p05v25c
MFA_120                ForQA             saed32rvt_tt1p05v25c
MFA_128                ForQA             saed32rvt_tt1p05v25c
MFA_136                ForQA             saed32rvt_tt1p05v25c
MFA_0                  ForQA             saed32rvt_tt1p05v25c
MFA_144                ForQA             saed32rvt_tt1p05v25c
MFA_8                  ForQA             saed32rvt_tt1p05v25c
LA2_0                  ForQA             saed32rvt_tt1p05v25c
LA2_1                  ForQA             saed32rvt_tt1p05v25c
LA2_2                  ForQA             saed32rvt_tt1p05v25c
LA2_3                  ForQA             saed32rvt_tt1p05v25c


Global Operating Voltage = 1.05 
Power-specific unit information :
    Voltage Units = 1V
    Capacitance Units = 1.000000ff
    Time Units = 1ns
    Dynamic Power Units = 1uW    (derived from V,C,T units)
    Leakage Power Units = 1pW


--------------------------------------------------------------------------------
                                       Switch   Int      Leak     Total
Hierarchy                              Power    Power    Power    Power    %
--------------------------------------------------------------------------------
vbw_cla_bsln                            182.498  322.026 2.32e+08  736.503 100.0
  add8_4 (cla_adder_WIDTH8_0)             7.248   12.491 1.02e+07   29.924   4.1
    genblk1_layer2 (LA2_0)                0.000    0.000    0.000    0.000   0.0
    genblk1_layer1_1_ (LA4_37)            1.013    1.562 1.23e+06    3.806   0.5
    genblk1_layer1_0_ (LA4_36)            0.995    1.308 1.18e+06    3.480   0.5
    mfa_inst_7_ (MFA_127)                 0.667    1.208 9.06e+05    2.781   0.4
    mfa_inst_6_ (MFA_126)                 0.704    1.347 1.05e+06    3.106   0.4
    mfa_inst_5_ (MFA_125)                 0.707    1.356 1.05e+06    3.115   0.4
    mfa_inst_4_ (MFA_124)                 0.713    1.365 1.05e+06    3.131   0.4
    mfa_inst_3_ (MFA_123)                 0.716    1.341 1.05e+06    3.108   0.4
    mfa_inst_2_ (MFA_122)                 0.699    1.288 1.05e+06    3.039   0.4
    mfa_inst_1_ (MFA_121)                 0.674    1.185 1.05e+06    2.908   0.4
    mfa_inst_0_ (MFA_120)                 0.361    0.531 5.59e+05    1.451   0.2
  add8_5 (cla_adder_WIDTH8_1)             7.252   12.615 1.02e+07   30.037   4.1
    genblk1_layer2 (LA2_1)                0.000    0.000    0.000    0.000   0.0
    genblk1_layer1_1_ (LA4_39)            1.023    1.577 1.22e+06    3.823   0.5
    genblk1_layer1_0_ (LA4_38)            1.028    1.346 1.17e+06    3.548   0.5
    mfa_inst_7_ (MFA_135)                 0.664    1.219 9.05e+05    2.788   0.4
    mfa_inst_6_ (MFA_134)                 0.712    1.384 1.05e+06    3.145   0.4
    mfa_inst_5_ (MFA_133)                 0.709    1.369 1.05e+06    3.131   0.4
    mfa_inst_4_ (MFA_132)                 0.706    1.374 1.06e+06    3.135   0.4
    mfa_inst_3_ (MFA_131)                 0.704    1.351 1.05e+06    3.106   0.4
    mfa_inst_2_ (MFA_130)                 0.691    1.291 1.05e+06    3.033   0.4
    mfa_inst_1_ (MFA_129)                 0.663    1.181 1.05e+06    2.893   0.4
    mfa_inst_0_ (MFA_128)                 0.352    0.523 5.60e+05    1.434   0.2
  add8_6 (cla_adder_WIDTH8_2)             7.289   12.684 1.02e+07   30.145   4.1
    genblk1_layer2 (LA2_2)                0.000    0.000    0.000    0.000   0.0
    genblk1_layer1_1_ (LA4_41)            1.036    1.599 1.23e+06    3.860   0.5
    genblk1_layer1_0_ (LA4_40)            1.016    1.332 1.18e+06    3.523   0.5
    mfa_inst_7_ (MFA_143)                 0.680    1.246 9.04e+05    2.830   0.4
    mfa_inst_6_ (MFA_142)                 0.713    1.386 1.05e+06    3.150   0.4
    mfa_inst_5_ (MFA_141)                 0.724    1.395 1.05e+06    3.173   0.4
    mfa_inst_4_ (MFA_140)                 0.713    1.385 1.05e+06    3.151   0.4
    mfa_inst_3_ (MFA_139)                 0.703    1.341 1.05e+06    3.096   0.4
    mfa_inst_2_ (MFA_138)                 0.691    1.291 1.05e+06    3.033   0.4
    mfa_inst_1_ (MFA_137)                 0.662    1.179 1.05e+06    2.889   0.4
    mfa_inst_0_ (MFA_136)                 0.351    0.530 5.58e+05    1.439   0.2
  add8_7 (cla_adder_WIDTH8_3)             7.245   12.597 1.02e+07   30.020   4.1
    genblk1_layer2 (LA2_3)                0.000    0.000    0.000    0.000   0.0
    genblk1_layer1_1_ (LA4_1)             1.038    1.597 1.23e+06    3.862   0.5
    genblk1_layer1_0_ (LA4_0)             0.998    1.312 1.17e+06    3.483   0.5
    mfa_inst_7_ (MFA_7)                   0.672    1.234 9.06e+05    2.812   0.4
    mfa_inst_6_ (MFA_6)                   0.720    1.396 1.05e+06    3.167   0.4
    mfa_inst_5_ (MFA_5)                   0.699    1.363 1.05e+06    3.117   0.4
    mfa_inst_4_ (MFA_4)                   0.713    1.380 1.05e+06    3.145   0.4
    mfa_inst_3_ (MFA_3)                   0.697    1.329 1.05e+06    3.077   0.4
    mfa_inst_2_ (MFA_2)                   0.696    1.288 1.05e+06    3.037   0.4
    mfa_inst_1_ (MFA_1)                   0.654    1.163 1.05e+06    2.869   0.4
    mfa_inst_0_ (MFA_0)                   0.357    0.534 5.60e+05    1.450   0.2
  add16_2 (cla_adder_WIDTH16_0)          15.809   27.732 2.14e+07   64.944   8.8
    genblk1_layer2 (LA4_42)               0.566    0.729 7.20e+05    2.015   0.3
    genblk1_layer1_3_ (LA4_46)            0.846    1.602 1.23e+06    3.679   0.5
    genblk1_layer1_2_ (LA4_45)            1.435    1.632 1.04e+06    4.112   0.6
    genblk1_layer1_1_ (LA4_44)            1.393    1.581 1.04e+06    4.017   0.5
    genblk1_layer1_0_ (LA4_43)            0.872    1.332 1.18e+06    3.381   0.5
    mfa_inst_15_ (MFA_159)                0.665    1.221 9.04e+05    2.791   0.4
    mfa_inst_14_ (MFA_158)                0.651    1.386 1.05e+06    3.086   0.4
    mfa_inst_13_ (MFA_157)                0.650    1.375 1.05e+06    3.078   0.4
    mfa_inst_12_ (MFA_156)                0.648    1.390 1.06e+06    3.094   0.4
    mfa_inst_11_ (MFA_155)                0.694    1.398 1.05e+06    3.144   0.4
    mfa_inst_10_ (MFA_154)                0.750    1.406 1.05e+06    3.208   0.4
    mfa_inst_9_ (MFA_153)                 0.757    1.417 1.05e+06    3.225   0.4
    mfa_inst_8_ (MFA_152)                 0.709    1.379 1.05e+06    3.142   0.4
    mfa_inst_7_ (MFA_151)                 0.705    1.384 1.05e+06    3.141   0.4
    mfa_inst_6_ (MFA_150)                 0.766    1.401 1.05e+06    3.219   0.4
    mfa_inst_5_ (MFA_149)                 0.753    1.389 1.05e+06    3.193   0.4
    mfa_inst_4_ (MFA_148)                 0.709    1.359 1.05e+06    3.119   0.4
    mfa_inst_3_ (MFA_147)                 0.657    1.346 1.05e+06    3.053   0.4
    mfa_inst_2_ (MFA_146)                 0.653    1.308 1.05e+06    3.012   0.4
    mfa_inst_1_ (MFA_145)                 0.615    1.180 1.05e+06    2.843   0.4
    mfa_inst_0_ (MFA_144)                 0.314    0.517 5.61e+05    1.392   0.2
  add16_3 (cla_adder_WIDTH16_1)          15.742   27.759 2.14e+07   64.918   8.8
    genblk1_layer2 (LA4_47)               0.572    0.734 7.20e+05    2.026   0.3
    genblk1_layer1_3_ (LA4_5)             0.857    1.622 1.23e+06    3.714   0.5
    genblk1_layer1_2_ (LA4_4)             1.424    1.608 1.05e+06    4.077   0.6
    genblk1_layer1_1_ (LA4_3)             1.400    1.595 1.04e+06    4.038   0.5
    genblk1_layer1_0_ (LA4_2)             0.857    1.308 1.18e+06    3.340   0.5
    mfa_inst_15_ (MFA_23)                 0.673    1.235 9.06e+05    2.814   0.4
    mfa_inst_14_ (MFA_22)                 0.658    1.396 1.05e+06    3.105   0.4
    mfa_inst_13_ (MFA_21)                 0.641    1.371 1.05e+06    3.066   0.4
    mfa_inst_12_ (MFA_20)                 0.653    1.396 1.05e+06    3.101   0.4
    mfa_inst_11_ (MFA_19)                 0.689    1.384 1.05e+06    3.124   0.4
    mfa_inst_10_ (MFA_18)                 0.759    1.415 1.05e+06    3.227   0.4
    mfa_inst_9_ (MFA_17)                  0.748    1.399 1.05e+06    3.200   0.4
    mfa_inst_8_ (MFA_16)                  0.722    1.410 1.05e+06    3.182   0.4
    mfa_inst_7_ (MFA_15)                  0.703    1.409 1.05e+06    3.166   0.4
    mfa_inst_6_ (MFA_14)                  0.754    1.397 1.05e+06    3.204   0.4
    mfa_inst_5_ (MFA_13)                  0.753    1.400 1.05e+06    3.206   0.4
    mfa_inst_4_ (MFA_12)                  0.703    1.356 1.05e+06    3.112   0.4
    mfa_inst_3_ (MFA_11)                  0.642    1.342 1.05e+06    3.037   0.4
    mfa_inst_2_ (MFA_10)                  0.627    1.279 1.05e+06    2.960   0.4
    mfa_inst_1_ (MFA_9)                   0.602    1.173 1.05e+06    2.824   0.4
    mfa_inst_0_ (MFA_8)                   0.306    0.529 5.58e+05    1.393   0.2
  add32_1 (cla_adder_WIDTH32)            34.702   58.325 4.40e+07  136.984  18.6
    genblk1_layer3 (LA2_4)                0.000    0.000    0.000    0.000   0.0
    genblk1_layer2_1_ (LA4_7)             0.885    1.104 1.12e+06    3.112   0.4
    genblk1_layer2_0_ (LA4_6)             0.942    1.100 1.12e+06    3.163   0.4
    genblk1_layer1_7_ (LA4_15)            0.858    1.622 1.23e+06    3.715   0.5
    genblk1_layer1_6_ (LA4_14)            1.424    1.609 1.05e+06    4.078   0.6
    genblk1_layer1_5_ (LA4_13)            1.415    1.605 1.04e+06    4.063   0.6
    genblk1_layer1_4_ (LA4_12)            1.423    1.604 1.04e+06    4.069   0.6
    genblk1_layer1_3_ (LA4_11)            1.442    1.641 1.05e+06    4.129   0.6
    genblk1_layer1_2_ (LA4_10)            1.416    1.600 1.04e+06    4.059   0.6
    genblk1_layer1_1_ (LA4_9)             1.432    1.627 1.05e+06    4.108   0.6
    genblk1_layer1_0_ (LA4_8)             0.870    1.328 1.18e+06    3.374   0.5
    mfa_inst_31_ (MFA_55)                 0.673    1.235 9.06e+05    2.814   0.4
    mfa_inst_30_ (MFA_54)                 0.658    1.395 1.05e+06    3.105   0.4
    mfa_inst_29_ (MFA_53)                 0.641    1.371 1.05e+06    3.067   0.4
    mfa_inst_28_ (MFA_52)                 0.653    1.396 1.05e+06    3.101   0.4
    mfa_inst_27_ (MFA_51)                 0.689    1.384 1.05e+06    3.124   0.4
    mfa_inst_26_ (MFA_50)                 0.759    1.415 1.05e+06    3.227   0.4
    mfa_inst_25_ (MFA_49)                 0.748    1.399 1.05e+06    3.200   0.4
    mfa_inst_24_ (MFA_48)                 0.722    1.410 1.05e+06    3.182   0.4
    mfa_inst_23_ (MFA_47)                 0.704    1.411 1.05e+06    3.169   0.4
    mfa_inst_22_ (MFA_46)                 0.755    1.402 1.05e+06    3.210   0.4
    mfa_inst_21_ (MFA_45)                 0.755    1.409 1.05e+06    3.216   0.4
    mfa_inst_20_ (MFA_44)                 0.709    1.384 1.05e+06    3.146   0.4
    mfa_inst_19_ (MFA_43)                 0.696    1.404 1.05e+06    3.154   0.4
    mfa_inst_18_ (MFA_42)                 0.749    1.403 1.05e+06    3.206   0.4
    mfa_inst_17_ (MFA_41)                 0.761    1.425 1.05e+06    3.238   0.4
    mfa_inst_16_ (MFA_40)                 0.716    1.401 1.05e+06    3.167   0.4
    mfa_inst_15_ (MFA_39)                 0.725    1.421 1.05e+06    3.200   0.4
    mfa_inst_14_ (MFA_38)                 0.768    1.412 1.05e+06    3.230   0.4
    mfa_inst_13_ (MFA_37)                 0.783    1.427 1.05e+06    3.264   0.4
    mfa_inst_12_ (MFA_36)                 0.737    1.407 1.05e+06    3.197   0.4
    mfa_inst_11_ (MFA_35)                 0.709    1.393 1.05e+06    3.154   0.4
    mfa_inst_10_ (MFA_34)                 0.766    1.409 1.05e+06    3.227   0.4
    mfa_inst_9_ (MFA_33)                  0.769    1.400 1.05e+06    3.219   0.4
    mfa_inst_8_ (MFA_32)                  0.731    1.392 1.05e+06    3.175   0.4
    mfa_inst_7_ (MFA_31)                  0.711    1.409 1.05e+06    3.174   0.4
    mfa_inst_6_ (MFA_30)                  0.778    1.428 1.05e+06    3.258   0.4
    mfa_inst_5_ (MFA_29)                  0.769    1.412 1.05e+06    3.233   0.4
    mfa_inst_4_ (MFA_28)                  0.720    1.370 1.05e+06    3.141   0.4
    mfa_inst_3_ (MFA_27)                  0.665    1.364 1.05e+06    3.080   0.4
    mfa_inst_2_ (MFA_26)                  0.650    1.299 1.05e+06    2.999   0.4
    mfa_inst_1_ (MFA_25)                  0.615    1.178 1.05e+06    2.845   0.4
    mfa_inst_0_ (MFA_24)                  0.312    0.518 5.60e+05    1.391   0.2
  add64_0 (cla_adder_WIDTH64)            77.100  120.960 8.94e+07  287.461  39.0
    genblk1_layer3 (LA4_48)               1.538    0.935 1.01e+06    3.482   0.5
    genblk1_layer2_3_ (LA4_19)            1.496    1.153 1.02e+06    3.668   0.5
    genblk1_layer2_2_ (LA4_18)            1.498    1.155 1.02e+06    3.671   0.5
    genblk1_layer2_1_ (LA4_17)            1.490    1.136 1.02e+06    3.642   0.5
    genblk1_layer2_0_ (LA4_16)            1.483    1.091 1.00e+06    3.578   0.5
    genblk1_layer1_15_ (LA4_35)           1.440    1.606 1.04e+06    4.087   0.6
    genblk1_layer1_14_ (LA4_34)           1.467    1.604 1.05e+06    4.116   0.6
    genblk1_layer1_13_ (LA4_33)           1.457    1.601 1.04e+06    4.102   0.6
    genblk1_layer1_12_ (LA4_32)           1.483    1.603 1.04e+06    4.127   0.6
    genblk1_layer1_11_ (LA4_31)           1.462    1.639 1.05e+06    4.147   0.6
    genblk1_layer1_10_ (LA4_30)           1.456    1.596 1.04e+06    4.096   0.6
    genblk1_layer1_9_ (LA4_29)            1.496    1.636 1.05e+06    4.180   0.6
    genblk1_layer1_8_ (LA4_28)            1.488    1.621 1.04e+06    4.153   0.6
    genblk1_layer1_7_ (LA4_27)            1.431    1.595 1.04e+06    4.068   0.6
    genblk1_layer1_6_ (LA4_26)            1.480    1.629 1.04e+06    4.153   0.6
    genblk1_layer1_5_ (LA4_25)            1.451    1.589 1.04e+06    4.082   0.6
    genblk1_layer1_4_ (LA4_24)            1.477    1.617 1.05e+06    4.140   0.6
    genblk1_layer1_3_ (LA4_23)            1.404    1.564 1.04e+06    4.006   0.5
    genblk1_layer1_2_ (LA4_22)            1.451    1.589 1.04e+06    4.084   0.6
    genblk1_layer1_1_ (LA4_21)            1.457    1.591 1.04e+06    4.092   0.6
    genblk1_layer1_0_ (LA4_20)            1.314    1.460 1.05e+06    3.822   0.5
    mfa_inst_63_ (MFA_119)                0.711    1.426 1.05e+06    3.189   0.4
    mfa_inst_62_ (MFA_118)                0.760    1.419 1.05e+06    3.231   0.4
    mfa_inst_61_ (MFA_117)                0.740    1.395 1.05e+06    3.190   0.4
    mfa_inst_60_ (MFA_116)                0.720    1.416 1.05e+06    3.188   0.4
    mfa_inst_59_ (MFA_115)                0.689    1.384 1.05e+06    3.124   0.4
    mfa_inst_58_ (MFA_114)                0.759    1.415 1.05e+06    3.227   0.4
    mfa_inst_57_ (MFA_113)                0.748    1.400 1.05e+06    3.201   0.4
    mfa_inst_56_ (MFA_112)                0.722    1.436 1.05e+06    3.208   0.4
    mfa_inst_55_ (MFA_111)                0.704    1.411 1.05e+06    3.169   0.4
    mfa_inst_54_ (MFA_110)                0.755    1.402 1.05e+06    3.210   0.4
    mfa_inst_53_ (MFA_109)                0.755    1.410 1.05e+06    3.217   0.4
    mfa_inst_52_ (MFA_108)                0.709    1.410 1.05e+06    3.172   0.4
    mfa_inst_51_ (MFA_107)                0.696    1.404 1.05e+06    3.154   0.4
    mfa_inst_50_ (MFA_106)                0.749    1.403 1.05e+06    3.206   0.4
    mfa_inst_49_ (MFA_105)                0.761    1.427 1.05e+06    3.239   0.4
    mfa_inst_48_ (MFA_104)                0.716    1.429 1.05e+06    3.195   0.4
    mfa_inst_47_ (MFA_103)                0.709    1.421 1.05e+06    3.185   0.4
    mfa_inst_46_ (MFA_102)                0.752    1.411 1.05e+06    3.215   0.4
    mfa_inst_45_ (MFA_101)                0.768    1.427 1.05e+06    3.249   0.4
    mfa_inst_44_ (MFA_100)                0.721    1.426 1.05e+06    3.200   0.4
    mfa_inst_43_ (MFA_99)                 0.694    1.393 1.05e+06    3.139   0.4
    mfa_inst_42_ (MFA_98)                 0.751    1.409 1.05e+06    3.212   0.4
    mfa_inst_41_ (MFA_97)                 0.754    1.401 1.05e+06    3.206   0.4
    mfa_inst_40_ (MFA_96)                 0.716    1.420 1.05e+06    3.188   0.4
    mfa_inst_39_ (MFA_95)                 0.708    1.410 1.05e+06    3.172   0.4
    mfa_inst_38_ (MFA_94)                 0.776    1.436 1.05e+06    3.264   0.4
    mfa_inst_37_ (MFA_93)                 0.769    1.427 1.05e+06    3.247   0.4
    mfa_inst_36_ (MFA_92)                 0.722    1.422 1.05e+06    3.195   0.4
    mfa_inst_35_ (MFA_91)                 0.718    1.426 1.05e+06    3.196   0.4
    mfa_inst_34_ (MFA_90)                 0.772    1.422 1.05e+06    3.246   0.4
    mfa_inst_33_ (MFA_89)                 0.771    1.415 1.05e+06    3.239   0.4
    mfa_inst_32_ (MFA_88)                 0.712    1.406 1.05e+06    3.169   0.4
    mfa_inst_31_ (MFA_87)                 0.713    1.401 1.05e+06    3.167   0.4
    mfa_inst_30_ (MFA_86)                 0.767    1.410 1.05e+06    3.226   0.4
    mfa_inst_29_ (MFA_85)                 0.767    1.399 1.05e+06    3.219   0.4
    mfa_inst_28_ (MFA_84)                 0.728    1.410 1.06e+06    3.195   0.4
    mfa_inst_27_ (MFA_83)                 0.710    1.398 1.05e+06    3.160   0.4
    mfa_inst_26_ (MFA_82)                 0.765    1.407 1.05e+06    3.224   0.4
    mfa_inst_25_ (MFA_81)                 0.773    1.418 1.05e+06    3.242   0.4
    mfa_inst_24_ (MFA_80)                 0.724    1.405 1.05e+06    3.184   0.4
    mfa_inst_23_ (MFA_79)                 0.702    1.387 1.05e+06    3.141   0.4
    mfa_inst_22_ (MFA_78)                 0.765    1.408 1.05e+06    3.225   0.4
    mfa_inst_21_ (MFA_77)                 0.752    1.399 1.05e+06    3.201   0.4
    mfa_inst_20_ (MFA_76)                 0.710    1.406 1.05e+06    3.168   0.4
    mfa_inst_19_ (MFA_75)                 0.706    1.395 1.05e+06    3.152   0.4
    mfa_inst_18_ (MFA_74)                 0.775    1.424 1.05e+06    3.251   0.4
    mfa_inst_17_ (MFA_73)                 0.771    1.414 1.05e+06    3.236   0.4
    mfa_inst_16_ (MFA_72)                 0.712    1.402 1.05e+06    3.166   0.4
    mfa_inst_15_ (MFA_71)                 0.711    1.388 1.05e+06    3.151   0.4
    mfa_inst_14_ (MFA_70)                 0.747    1.372 1.05e+06    3.173   0.4
    mfa_inst_13_ (MFA_69)                 0.751    1.382 1.05e+06    3.185   0.4
    mfa_inst_12_ (MFA_68)                 0.722    1.394 1.05e+06    3.170   0.4
    mfa_inst_11_ (MFA_67)                 0.710    1.393 1.05e+06    3.154   0.4
    mfa_inst_10_ (MFA_66)                 0.763    1.405 1.05e+06    3.222   0.4
    mfa_inst_9_ (MFA_65)                  0.773    1.418 1.05e+06    3.241   0.4
    mfa_inst_8_ (MFA_64)                  0.727    1.411 1.05e+06    3.190   0.4
    mfa_inst_7_ (MFA_63)                  0.602    1.379 1.05e+06    3.036   0.4
    mfa_inst_6_ (MFA_62)                  0.658    1.403 1.05e+06    3.114   0.4
    mfa_inst_5_ (MFA_61)                  0.672    1.415 1.05e+06    3.141   0.4
    mfa_inst_4_ (MFA_60)                  0.632    1.418 1.05e+06    3.102   0.4
    mfa_inst_3_ (MFA_59)                  0.610    1.386 1.05e+06    3.048   0.4
    mfa_inst_2_ (MFA_58)                  0.667    1.360 1.05e+06    3.080   0.4
    mfa_inst_1_ (MFA_57)                  0.646    1.268 1.05e+06    2.964   0.4
    mfa_inst_0_ (MFA_56)                  0.589    1.113 1.05e+06    2.751   0.4
1
