 
****************************************
Report : resources
Design : vbw_cla_bsln
Version: K-2015.06-SP4
Date   : Wed Apr 26 19:35:11 2017
****************************************


No implementations to report

No resource sharing information to report.
 
****************************************
Design : cla_adder_WIDTH8_2
****************************************

No implementations to report

No resource sharing information to report.
 
****************************************
Design : LA2_2
****************************************

No implementations to report

No resource sharing information to report.
 
****************************************
Design : MFA_136
****************************************

No implementations to report

No resource sharing information to report.
 
****************************************
Design : MFA_143
****************************************

No implementations to report

No resource sharing information to report.
 
****************************************
Design : MFA_137
****************************************

No implementations to report

No resource sharing information to report.
 
****************************************
Design : MFA_138
****************************************

No implementations to report

No resource sharing information to report.
 
****************************************
Design : MFA_139
****************************************

No implementations to report

No resource sharing information to report.
 
****************************************
Design : MFA_140
****************************************

No implementations to report

No resource sharing information to report.
 
****************************************
Design : MFA_141
****************************************

No implementations to report

No resource sharing information to report.
 
****************************************
Design : MFA_142
****************************************

No implementations to report

No resource sharing information to report.
 
****************************************
Design : LA4_41
****************************************

No implementations to report

No resource sharing information to report.
 
****************************************
Design : LA4_40
****************************************

No implementations to report

No resource sharing information to report.
 
****************************************
Design : cla_adder_WIDTH8_1
****************************************

No implementations to report

No resource sharing information to report.
 
****************************************
Design : LA2_1
****************************************

No implementations to report

No resource sharing information to report.
 
****************************************
Design : MFA_128
****************************************

No implementations to report

No resource sharing information to report.
 
****************************************
Design : MFA_135
****************************************

No implementations to report

No resource sharing information to report.
 
****************************************
Design : MFA_129
****************************************

No implementations to report

No resource sharing information to report.
 
****************************************
Design : MFA_130
****************************************

No implementations to report

No resource sharing information to report.
 
****************************************
Design : MFA_131
****************************************

No implementations to report

No resource sharing information to report.
 
****************************************
Design : MFA_132
****************************************

No implementations to report

No resource sharing information to report.
 
****************************************
Design : MFA_133
****************************************

No implementations to report

No resource sharing information to report.
 
****************************************
Design : MFA_134
****************************************

No implementations to report

No resource sharing information to report.
 
****************************************
Design : LA4_39
****************************************

No implementations to report

No resource sharing information to report.
 
****************************************
Design : LA4_38
****************************************

No implementations to report

No resource sharing information to report.
 
****************************************
Design : cla_adder_WIDTH8_0
****************************************

No implementations to report

No resource sharing information to report.
 
****************************************
Design : LA2_0
****************************************

No implementations to report

No resource sharing information to report.
 
****************************************
Design : MFA_120
****************************************

No implementations to report

No resource sharing information to report.
 
****************************************
Design : MFA_127
****************************************

No implementations to report

No resource sharing information to report.
 
****************************************
Design : MFA_121
****************************************

No implementations to report

No resource sharing information to report.
 
****************************************
Design : MFA_122
****************************************

No implementations to report

No resource sharing information to report.
 
****************************************
Design : MFA_123
****************************************

No implementations to report

No resource sharing information to report.
 
****************************************
Design : MFA_124
****************************************

No implementations to report

No resource sharing information to report.
 
****************************************
Design : MFA_125
****************************************

No implementations to report

No resource sharing information to report.
 
****************************************
Design : MFA_126
****************************************

No implementations to report

No resource sharing information to report.
 
****************************************
Design : LA4_37
****************************************

No implementations to report

No resource sharing information to report.
 
****************************************
Design : LA4_36
****************************************

No implementations to report

No resource sharing information to report.
 
****************************************
Design : cla_adder_WIDTH8_3
****************************************

No implementations to report

No resource sharing information to report.
 
****************************************
Design : LA2_3
****************************************

No implementations to report

No resource sharing information to report.
 
****************************************
Design : MFA_0
****************************************

No implementations to report

No resource sharing information to report.
 
****************************************
Design : MFA_7
****************************************

No implementations to report

No resource sharing information to report.
 
****************************************
Design : MFA_1
****************************************

No implementations to report

No resource sharing information to report.
 
****************************************
Design : MFA_2
****************************************

No implementations to report

No resource sharing information to report.
 
****************************************
Design : MFA_3
****************************************

No implementations to report

No resource sharing information to report.
 
****************************************
Design : MFA_4
****************************************

No implementations to report

No resource sharing information to report.
 
****************************************
Design : MFA_5
****************************************

No implementations to report

No resource sharing information to report.
 
****************************************
Design : MFA_6
****************************************

No implementations to report

No resource sharing information to report.
 
****************************************
Design : LA4_1
****************************************

No implementations to report

No resource sharing information to report.
 
****************************************
Design : LA4_0
****************************************

No implementations to report

No resource sharing information to report.
 
****************************************
Design : cla_adder_WIDTH16_0
****************************************

No implementations to report

No resource sharing information to report.
 
****************************************
Design : MFA_144
****************************************

No implementations to report

No resource sharing information to report.
 
****************************************
Design : MFA_159
****************************************

No implementations to report

No resource sharing information to report.
 
****************************************
Design : MFA_145
****************************************

No implementations to report

No resource sharing information to report.
 
****************************************
Design : MFA_146
****************************************

No implementations to report

No resource sharing information to report.
 
****************************************
Design : MFA_147
****************************************

No implementations to report

No resource sharing information to report.
 
****************************************
Design : MFA_148
****************************************

No implementations to report

No resource sharing information to report.
 
****************************************
Design : MFA_149
****************************************

No implementations to report

No resource sharing information to report.
 
****************************************
Design : MFA_150
****************************************

No implementations to report

No resource sharing information to report.
 
****************************************
Design : MFA_151
****************************************

No implementations to report

No resource sharing information to report.
 
****************************************
Design : MFA_152
****************************************

No implementations to report

No resource sharing information to report.
 
****************************************
Design : MFA_153
****************************************

No implementations to report

No resource sharing information to report.
 
****************************************
Design : MFA_154
****************************************

No implementations to report

No resource sharing information to report.
 
****************************************
Design : MFA_155
****************************************

No implementations to report

No resource sharing information to report.
 
****************************************
Design : MFA_156
****************************************

No implementations to report

No resource sharing information to report.
 
****************************************
Design : MFA_157
****************************************

No implementations to report

No resource sharing information to report.
 
****************************************
Design : MFA_158
****************************************

No implementations to report

No resource sharing information to report.
 
****************************************
Design : LA4_42
****************************************

No implementations to report

No resource sharing information to report.
 
****************************************
Design : LA4_46
****************************************

No implementations to report

No resource sharing information to report.
 
****************************************
Design : LA4_43
****************************************

No implementations to report

No resource sharing information to report.
 
****************************************
Design : LA4_44
****************************************

No implementations to report

No resource sharing information to report.
 
****************************************
Design : LA4_45
****************************************

No implementations to report

No resource sharing information to report.
 
****************************************
Design : cla_adder_WIDTH16_1
****************************************

No implementations to report

No resource sharing information to report.
 
****************************************
Design : MFA_8
****************************************

No implementations to report

No resource sharing information to report.
 
****************************************
Design : MFA_23
****************************************

No implementations to report

No resource sharing information to report.
 
****************************************
Design : MFA_9
****************************************

No implementations to report

No resource sharing information to report.
 
****************************************
Design : MFA_10
****************************************

No implementations to report

No resource sharing information to report.
 
****************************************
Design : MFA_11
****************************************

No implementations to report

No resource sharing information to report.
 
****************************************
Design : MFA_12
****************************************

No implementations to report

No resource sharing information to report.
 
****************************************
Design : MFA_13
****************************************

No implementations to report

No resource sharing information to report.
 
****************************************
Design : MFA_14
****************************************

No implementations to report

No resource sharing information to report.
 
****************************************
Design : MFA_15
****************************************

No implementations to report

No resource sharing information to report.
 
****************************************
Design : MFA_16
****************************************

No implementations to report

No resource sharing information to report.
 
****************************************
Design : MFA_17
****************************************

No implementations to report

No resource sharing information to report.
 
****************************************
Design : MFA_18
****************************************

No implementations to report

No resource sharing information to report.
 
****************************************
Design : MFA_19
****************************************

No implementations to report

No resource sharing information to report.
 
****************************************
Design : MFA_20
****************************************

No implementations to report

No resource sharing information to report.
 
****************************************
Design : MFA_21
****************************************

No implementations to report

No resource sharing information to report.
 
****************************************
Design : MFA_22
****************************************

No implementations to report

No resource sharing information to report.
 
****************************************
Design : LA4_5
****************************************

No implementations to report

No resource sharing information to report.
 
****************************************
Design : LA4_3
****************************************

No implementations to report

No resource sharing information to report.
 
****************************************
Design : LA4_4
****************************************

No implementations to report

No resource sharing information to report.
 
****************************************
Design : LA4_47
****************************************

No implementations to report

No resource sharing information to report.
 
****************************************
Design : LA4_2
****************************************

No implementations to report

No resource sharing information to report.
 
****************************************
Design : cla_adder_WIDTH32
****************************************

No implementations to report

No resource sharing information to report.
 
****************************************
Design : MFA_25
****************************************

No implementations to report

No resource sharing information to report.
 
****************************************
Design : MFA_26
****************************************

No implementations to report

No resource sharing information to report.
 
****************************************
Design : MFA_27
****************************************

No implementations to report

No resource sharing information to report.
 
****************************************
Design : MFA_28
****************************************

No implementations to report

No resource sharing information to report.
 
****************************************
Design : MFA_29
****************************************

No implementations to report

No resource sharing information to report.
 
****************************************
Design : MFA_30
****************************************

No implementations to report

No resource sharing information to report.
 
****************************************
Design : MFA_31
****************************************

No implementations to report

No resource sharing information to report.
 
****************************************
Design : MFA_32
****************************************

No implementations to report

No resource sharing information to report.
 
****************************************
Design : MFA_33
****************************************

No implementations to report

No resource sharing information to report.
 
****************************************
Design : MFA_34
****************************************

No implementations to report

No resource sharing information to report.
 
****************************************
Design : MFA_35
****************************************

No implementations to report

No resource sharing information to report.
 
****************************************
Design : MFA_36
****************************************

No implementations to report

No resource sharing information to report.
 
****************************************
Design : MFA_37
****************************************

No implementations to report

No resource sharing information to report.
 
****************************************
Design : MFA_38
****************************************

No implementations to report

No resource sharing information to report.
 
****************************************
Design : MFA_39
****************************************

No implementations to report

No resource sharing information to report.
 
****************************************
Design : MFA_40
****************************************

No implementations to report

No resource sharing information to report.
 
****************************************
Design : MFA_41
****************************************

No implementations to report

No resource sharing information to report.
 
****************************************
Design : MFA_42
****************************************

No implementations to report

No resource sharing information to report.
 
****************************************
Design : MFA_43
****************************************

No implementations to report

No resource sharing information to report.
 
****************************************
Design : MFA_44
****************************************

No implementations to report

No resource sharing information to report.
 
****************************************
Design : MFA_45
****************************************

No implementations to report

No resource sharing information to report.
 
****************************************
Design : MFA_46
****************************************

No implementations to report

No resource sharing information to report.
 
****************************************
Design : MFA_47
****************************************

No implementations to report

No resource sharing information to report.
 
****************************************
Design : MFA_48
****************************************

No implementations to report

No resource sharing information to report.
 
****************************************
Design : MFA_49
****************************************

No implementations to report

No resource sharing information to report.
 
****************************************
Design : MFA_50
****************************************

No implementations to report

No resource sharing information to report.
 
****************************************
Design : MFA_51
****************************************

No implementations to report

No resource sharing information to report.
 
****************************************
Design : MFA_52
****************************************

No implementations to report

No resource sharing information to report.
 
****************************************
Design : MFA_53
****************************************

No implementations to report

No resource sharing information to report.
 
****************************************
Design : MFA_54
****************************************

No implementations to report

No resource sharing information to report.
 
****************************************
Design : LA4_7
****************************************

No implementations to report

No resource sharing information to report.
 
****************************************
Design : LA4_6
****************************************

No implementations to report

No resource sharing information to report.
 
****************************************
Design : LA4_9
****************************************

No implementations to report

No resource sharing information to report.
 
****************************************
Design : LA4_10
****************************************

No implementations to report

No resource sharing information to report.
 
****************************************
Design : LA4_11
****************************************

No implementations to report

No resource sharing information to report.
 
****************************************
Design : LA4_12
****************************************

No implementations to report

No resource sharing information to report.
 
****************************************
Design : LA4_13
****************************************

No implementations to report

No resource sharing information to report.
 
****************************************
Design : LA4_14
****************************************

No implementations to report

No resource sharing information to report.
 
****************************************
Design : LA2_4
****************************************

No implementations to report

No resource sharing information to report.
 
****************************************
Design : LA4_15
****************************************

No implementations to report

No resource sharing information to report.
 
****************************************
Design : LA4_8
****************************************

No implementations to report

No resource sharing information to report.
 
****************************************
Design : MFA_55
****************************************

No implementations to report

No resource sharing information to report.
 
****************************************
Design : MFA_24
****************************************

No implementations to report

No resource sharing information to report.
 
****************************************
Design : cla_adder_WIDTH64
****************************************

No implementations to report

No resource sharing information to report.
 
****************************************
Design : MFA_57
****************************************

No implementations to report

No resource sharing information to report.
 
****************************************
Design : MFA_58
****************************************

No implementations to report

No resource sharing information to report.
 
****************************************
Design : MFA_59
****************************************

No implementations to report

No resource sharing information to report.
 
****************************************
Design : MFA_60
****************************************

No implementations to report

No resource sharing information to report.
 
****************************************
Design : MFA_61
****************************************

No implementations to report

No resource sharing information to report.
 
****************************************
Design : MFA_62
****************************************

No implementations to report

No resource sharing information to report.
 
****************************************
Design : MFA_63
****************************************

No implementations to report

No resource sharing information to report.
 
****************************************
Design : MFA_64
****************************************

No implementations to report

No resource sharing information to report.
 
****************************************
Design : MFA_65
****************************************

No implementations to report

No resource sharing information to report.
 
****************************************
Design : MFA_66
****************************************

No implementations to report

No resource sharing information to report.
 
****************************************
Design : MFA_67
****************************************

No implementations to report

No resource sharing information to report.
 
****************************************
Design : MFA_68
****************************************

No implementations to report

No resource sharing information to report.
 
****************************************
Design : MFA_69
****************************************

No implementations to report

No resource sharing information to report.
 
****************************************
Design : MFA_70
****************************************

No implementations to report

No resource sharing information to report.
 
****************************************
Design : MFA_71
****************************************

No implementations to report

No resource sharing information to report.
 
****************************************
Design : MFA_72
****************************************

No implementations to report

No resource sharing information to report.
 
****************************************
Design : MFA_73
****************************************

No implementations to report

No resource sharing information to report.
 
****************************************
Design : MFA_74
****************************************

No implementations to report

No resource sharing information to report.
 
****************************************
Design : MFA_75
****************************************

No implementations to report

No resource sharing information to report.
 
****************************************
Design : MFA_76
****************************************

No implementations to report

No resource sharing information to report.
 
****************************************
Design : MFA_77
****************************************

No implementations to report

No resource sharing information to report.
 
****************************************
Design : MFA_78
****************************************

No implementations to report

No resource sharing information to report.
 
****************************************
Design : MFA_79
****************************************

No implementations to report

No resource sharing information to report.
 
****************************************
Design : MFA_80
****************************************

No implementations to report

No resource sharing information to report.
 
****************************************
Design : MFA_81
****************************************

No implementations to report

No resource sharing information to report.
 
****************************************
Design : MFA_82
****************************************

No implementations to report

No resource sharing information to report.
 
****************************************
Design : MFA_83
****************************************

No implementations to report

No resource sharing information to report.
 
****************************************
Design : MFA_84
****************************************

No implementations to report

No resource sharing information to report.
 
****************************************
Design : MFA_85
****************************************

No implementations to report

No resource sharing information to report.
 
****************************************
Design : MFA_86
****************************************

No implementations to report

No resource sharing information to report.
 
****************************************
Design : MFA_87
****************************************

No implementations to report

No resource sharing information to report.
 
****************************************
Design : MFA_88
****************************************

No implementations to report

No resource sharing information to report.
 
****************************************
Design : MFA_89
****************************************

No implementations to report

No resource sharing information to report.
 
****************************************
Design : MFA_90
****************************************

No implementations to report

No resource sharing information to report.
 
****************************************
Design : MFA_91
****************************************

No implementations to report

No resource sharing information to report.
 
****************************************
Design : MFA_92
****************************************

No implementations to report

No resource sharing information to report.
 
****************************************
Design : MFA_93
****************************************

No implementations to report

No resource sharing information to report.
 
****************************************
Design : MFA_94
****************************************

No implementations to report

No resource sharing information to report.
 
****************************************
Design : MFA_95
****************************************

No implementations to report

No resource sharing information to report.
 
****************************************
Design : MFA_96
****************************************

No implementations to report

No resource sharing information to report.
 
****************************************
Design : MFA_97
****************************************

No implementations to report

No resource sharing information to report.
 
****************************************
Design : MFA_98
****************************************

No implementations to report

No resource sharing information to report.
 
****************************************
Design : MFA_99
****************************************

No implementations to report

No resource sharing information to report.
 
****************************************
Design : MFA_100
****************************************

No implementations to report

No resource sharing information to report.
 
****************************************
Design : MFA_101
****************************************

No implementations to report

No resource sharing information to report.
 
****************************************
Design : MFA_102
****************************************

No implementations to report

No resource sharing information to report.
 
****************************************
Design : MFA_103
****************************************

No implementations to report

No resource sharing information to report.
 
****************************************
Design : MFA_104
****************************************

No implementations to report

No resource sharing information to report.
 
****************************************
Design : MFA_105
****************************************

No implementations to report

No resource sharing information to report.
 
****************************************
Design : MFA_106
****************************************

No implementations to report

No resource sharing information to report.
 
****************************************
Design : MFA_107
****************************************

No implementations to report

No resource sharing information to report.
 
****************************************
Design : MFA_108
****************************************

No implementations to report

No resource sharing information to report.
 
****************************************
Design : MFA_109
****************************************

No implementations to report

No resource sharing information to report.
 
****************************************
Design : MFA_110
****************************************

No implementations to report

No resource sharing information to report.
 
****************************************
Design : MFA_111
****************************************

No implementations to report

No resource sharing information to report.
 
****************************************
Design : MFA_112
****************************************

No implementations to report

No resource sharing information to report.
 
****************************************
Design : MFA_113
****************************************

No implementations to report

No resource sharing information to report.
 
****************************************
Design : MFA_114
****************************************

No implementations to report

No resource sharing information to report.
 
****************************************
Design : MFA_115
****************************************

No implementations to report

No resource sharing information to report.
 
****************************************
Design : MFA_116
****************************************

No implementations to report

No resource sharing information to report.
 
****************************************
Design : MFA_117
****************************************

No implementations to report

No resource sharing information to report.
 
****************************************
Design : MFA_118
****************************************

No implementations to report

No resource sharing information to report.
 
****************************************
Design : MFA_119
****************************************

No implementations to report

No resource sharing information to report.
 
****************************************
Design : LA4_21
****************************************

No implementations to report

No resource sharing information to report.
 
****************************************
Design : LA4_22
****************************************

No implementations to report

No resource sharing information to report.
 
****************************************
Design : LA4_23
****************************************

No implementations to report

No resource sharing information to report.
 
****************************************
Design : LA4_24
****************************************

No implementations to report

No resource sharing information to report.
 
****************************************
Design : LA4_25
****************************************

No implementations to report

No resource sharing information to report.
 
****************************************
Design : LA4_26
****************************************

No implementations to report

No resource sharing information to report.
 
****************************************
Design : LA4_27
****************************************

No implementations to report

No resource sharing information to report.
 
****************************************
Design : LA4_28
****************************************

No implementations to report

No resource sharing information to report.
 
****************************************
Design : LA4_29
****************************************

No implementations to report

No resource sharing information to report.
 
****************************************
Design : LA4_30
****************************************

No implementations to report

No resource sharing information to report.
 
****************************************
Design : LA4_31
****************************************

No implementations to report

No resource sharing information to report.
 
****************************************
Design : LA4_32
****************************************

No implementations to report

No resource sharing information to report.
 
****************************************
Design : LA4_33
****************************************

No implementations to report

No resource sharing information to report.
 
****************************************
Design : LA4_34
****************************************

No implementations to report

No resource sharing information to report.
 
****************************************
Design : LA4_35
****************************************

No implementations to report

No resource sharing information to report.
 
****************************************
Design : LA4_16
****************************************

No implementations to report

No resource sharing information to report.
 
****************************************
Design : LA4_17
****************************************

No implementations to report

No resource sharing information to report.
 
****************************************
Design : LA4_18
****************************************

No implementations to report

No resource sharing information to report.
 
****************************************
Design : LA4_19
****************************************

No implementations to report

No resource sharing information to report.
 
****************************************
Design : LA4_48
****************************************

No implementations to report

No resource sharing information to report.
 
****************************************
Design : LA4_20
****************************************

No implementations to report

No resource sharing information to report.
 
****************************************
Design : MFA_56
****************************************

No implementations to report
1
